// Jest Snapshot v1, https://goo.gl/fbAQLP

exports[`should render a fieldset 1`] = `
<Fieldset
  disabled={false}
  label="label"
  success={false}
  theme={
    Object {
      "color": Object {
        "black": "#484848",
        "error": "#dd3333",
        "gray": "#f0f0f0",
        "overlay": "rgba(0, 0, 0, .15)",
        "primary": "#0082c8",
        "secondary": "#00baf2",
        "success": "#33bb33",
        "warn": "#dd3333",
        "white": "#fefefe",
      },
      "shape": Object {
        "border": ".125rem solid rgba(0, 0, 0, .15)",
        "margin": ".25rem .125rem",
        "padding": ".875rem 1rem",
        "radius": ".25rem",
        "shadow": "0 .25rem .25rem 0 rgba(0, 0, 0, .15)",
        "size": "1rem",
      },
      "text": Object {
        "color": "#484848",
        "size": "1rem",
      },
      "transition": Object {
        "time": ".3s ease",
      },
    }
  }
  warn={false}
>
  <styled.fieldset
    theme={
      Object {
        "color": Object {
          "black": "#484848",
          "error": "#dd3333",
          "gray": "#f0f0f0",
          "overlay": "rgba(0, 0, 0, .15)",
          "primary": "#0082c8",
          "secondary": "#00baf2",
          "success": "#33bb33",
          "warn": "#dd3333",
          "white": "#fefefe",
        },
        "shape": Object {
          "border": ".125rem solid rgba(0, 0, 0, .15)",
          "margin": ".25rem .125rem",
          "padding": ".875rem 1rem",
          "radius": ".25rem",
          "shadow": "0 .25rem .25rem 0 rgba(0, 0, 0, .15)",
          "size": "1rem",
        },
        "text": Object {
          "color": "#484848",
          "size": "1rem",
        },
        "transition": Object {
          "time": ".3s ease",
        },
      }
    }
  >
    <fieldset
      className="sc-dnqmqq gyHpke"
    >
      <Text
        align="left"
        label={true}
        strong={false}
        theme={
          Object {
            "color": Object {
              "black": "#484848",
              "error": "#dd3333",
              "gray": "#f0f0f0",
              "overlay": "rgba(0, 0, 0, .15)",
              "primary": "#0082c8",
              "secondary": "#00baf2",
              "success": "#33bb33",
              "warn": "#dd3333",
              "white": "#fefefe",
            },
            "shape": Object {
              "border": ".125rem solid rgba(0, 0, 0, .15)",
              "margin": ".25rem .125rem",
              "padding": ".875rem 1rem",
              "radius": ".25rem",
              "shadow": "0 .25rem .25rem 0 rgba(0, 0, 0, .15)",
              "size": "1rem",
            },
            "text": Object {
              "color": "#484848",
              "size": "1rem",
            },
            "transition": Object {
              "time": ".3s ease",
            },
          }
        }
        transform="capitalize"
        type=""
      >
        <styled.p
          align="left"
          label={true}
          strong={false}
          theme={
            Object {
              "color": Object {
                "black": "#484848",
                "error": "#dd3333",
                "gray": "#f0f0f0",
                "overlay": "rgba(0, 0, 0, .15)",
                "primary": "#0082c8",
                "secondary": "#00baf2",
                "success": "#33bb33",
                "warn": "#dd3333",
                "white": "#fefefe",
              },
              "shape": Object {
                "border": ".125rem solid rgba(0, 0, 0, .15)",
                "margin": ".25rem .125rem",
                "padding": ".875rem 1rem",
                "radius": ".25rem",
                "shadow": "0 .25rem .25rem 0 rgba(0, 0, 0, .15)",
                "size": "1rem",
              },
              "text": Object {
                "color": "#484848",
                "size": "1rem",
              },
              "transition": Object {
                "time": ".3s ease",
              },
            }
          }
          transform="capitalize"
        >
          <p
            className="sc-bwzfXH exLwDr"
            label={true}
            transform="capitalize"
          >
            label:
          </p>
        </styled.p>
      </Text>
      <Input
        disabled={false}
        error={false}
        placeholder="placeholder"
        success={false}
        theme={
          Object {
            "color": Object {
              "black": "#484848",
              "error": "#dd3333",
              "gray": "#f0f0f0",
              "overlay": "rgba(0, 0, 0, .15)",
              "primary": "#0082c8",
              "secondary": "#00baf2",
              "success": "#33bb33",
              "warn": "#dd3333",
              "white": "#fefefe",
            },
            "shape": Object {
              "border": ".125rem solid rgba(0, 0, 0, .15)",
              "margin": ".25rem .125rem",
              "padding": ".875rem 1rem",
              "radius": ".25rem",
              "shadow": "0 .25rem .25rem 0 rgba(0, 0, 0, .15)",
              "size": "1rem",
            },
            "text": Object {
              "color": "#484848",
              "size": "1rem",
            },
            "transition": Object {
              "time": ".3s ease",
            },
          }
        }
        type="text"
        warn={false}
      >
        <styled.input
          disabled={false}
          placeholder="placeholder"
          success={false}
          theme={
            Object {
              "color": Object {
                "black": "#484848",
                "error": "#dd3333",
                "gray": "#f0f0f0",
                "overlay": "rgba(0, 0, 0, .15)",
                "primary": "#0082c8",
                "secondary": "#00baf2",
                "success": "#33bb33",
                "warn": "#dd3333",
                "white": "#fefefe",
              },
              "shape": Object {
                "border": ".125rem solid rgba(0, 0, 0, .15)",
                "margin": ".25rem .125rem",
                "padding": ".875rem 1rem",
                "radius": ".25rem",
                "shadow": "0 .25rem .25rem 0 rgba(0, 0, 0, .15)",
                "size": "1rem",
              },
              "text": Object {
                "color": "#484848",
                "size": "1rem",
              },
              "transition": Object {
                "time": ".3s ease",
              },
            }
          }
          type="text"
          warn={false}
        >
          <input
            className="sc-bdVaJa jyVtbm"
            disabled={false}
            placeholder="placeholder"
            type="text"
          />
        </styled.input>
      </Input>
      <Text
        align="left"
        label={false}
        small={true}
        strong={false}
        theme={
          Object {
            "color": Object {
              "black": "#484848",
              "error": "#dd3333",
              "gray": "#f0f0f0",
              "overlay": "rgba(0, 0, 0, .15)",
              "primary": "#0082c8",
              "secondary": "#00baf2",
              "success": "#33bb33",
              "warn": "#dd3333",
              "white": "#fefefe",
            },
            "shape": Object {
              "border": ".125rem solid rgba(0, 0, 0, .15)",
              "margin": ".25rem .125rem",
              "padding": ".875rem 1rem",
              "radius": ".25rem",
              "shadow": "0 .25rem .25rem 0 rgba(0, 0, 0, .15)",
              "size": "1rem",
            },
            "text": Object {
              "color": "#484848",
              "size": "1rem",
            },
            "transition": Object {
              "time": ".3s ease",
            },
          }
        }
        transform="none"
        type=""
      >
        <styled.p
          align="left"
          label={false}
          small={true}
          strong={false}
          theme={
            Object {
              "color": Object {
                "black": "#484848",
                "error": "#dd3333",
                "gray": "#f0f0f0",
                "overlay": "rgba(0, 0, 0, .15)",
                "primary": "#0082c8",
                "secondary": "#00baf2",
                "success": "#33bb33",
                "warn": "#dd3333",
                "white": "#fefefe",
              },
              "shape": Object {
                "border": ".125rem solid rgba(0, 0, 0, .15)",
                "margin": ".25rem .125rem",
                "padding": ".875rem 1rem",
                "radius": ".25rem",
                "shadow": "0 .25rem .25rem 0 rgba(0, 0, 0, .15)",
                "size": "1rem",
              },
              "text": Object {
                "color": "#484848",
                "size": "1rem",
              },
              "transition": Object {
                "time": ".3s ease",
              },
            }
          }
          transform="none"
        >
          <p
            className="sc-bwzfXH kijpyH"
            label={false}
            transform="none"
          >
             
          </p>
        </styled.p>
      </Text>
    </fieldset>
  </styled.fieldset>
</Fieldset>
`;
