// Jest Snapshot v1, https://goo.gl/fbAQLP

exports[`should render a fieldset 1`] = `
<Fieldset
  disabled={false}
  label="label"
  success={false}
  warn={false}
>
  <styled.fieldset
    theme={
      Object {
        "animation": [Function],
        "color": Object {
          "black": "#222222",
          "darkBlue": "#002C5F",
          "darkGray": "#515151",
          "error": "#dd3333",
          "gray": "#a9abae",
          "lightGray": "#e5e5e5",
          "overlay": "rgba(0, 0, 0, .15)",
          "primary": "#00528F",
          "secondary": "#00245f",
          "success": "#33bb33",
          "warn": "#dd3333",
          "white": "#fefefe",
        },
        "font": Object {
          "color": "#222222",
          "family": "\\"Ubuntu\\", sans-serif",
          "size": "16px",
          "spacing": 0,
        },
        "shape": Object {
          "border": ".1rem solid rgba(0, 0, 0, .15)",
          "float": "0 .5rem .5rem .125rem rgba(0, 0, 0, .15)",
          "margin": ".25rem .125rem",
          "maxWidth": "1280px",
          "padding": ".75rem .875rem",
          "radius": ".5rem",
          "shadow": "0 .25rem .25rem 0 rgba(0, 0, 0, .15)",
          "size": "16px",
        },
        "transition": Object {
          "time": ".3s ease",
        },
      }
    }
  >
    <StyledComponent
      forwardedComponent={
        Object {
          "$$typeof": Symbol(react.forward_ref),
          "attrs": Array [],
          "componentStyle": ComponentStyle {
            "componentId": "sc-dnqmqq",
            "isStatic": false,
            "lastClassName": "gyHpke",
            "rules": Array [
              "
margin: ",
              [Function],
              ";
border: none;
padding: 0;
",
            ],
          },
          "defaultProps": Object {
            "theme": Object {
              "animation": [Function],
              "color": Object {
                "black": "#222222",
                "darkBlue": "#002C5F",
                "darkGray": "#515151",
                "error": "#dd3333",
                "gray": "#a9abae",
                "lightGray": "#e5e5e5",
                "overlay": "rgba(0, 0, 0, .15)",
                "primary": "#00528F",
                "secondary": "#00245f",
                "success": "#33bb33",
                "warn": "#dd3333",
                "white": "#fefefe",
              },
              "font": Object {
                "color": "#222222",
                "family": "\\"Ubuntu\\", sans-serif",
                "size": "16px",
                "spacing": 0,
              },
              "shape": Object {
                "border": ".1rem solid rgba(0, 0, 0, .15)",
                "float": "0 .5rem .5rem .125rem rgba(0, 0, 0, .15)",
                "margin": ".25rem .125rem",
                "maxWidth": "1280px",
                "padding": ".75rem .875rem",
                "radius": ".5rem",
                "shadow": "0 .25rem .25rem 0 rgba(0, 0, 0, .15)",
                "size": "16px",
              },
              "transition": Object {
                "time": ".3s ease",
              },
            },
          },
          "displayName": "styled.fieldset",
          "foldedComponentIds": Array [],
          "render": [Function],
          "styledComponentId": "sc-dnqmqq",
          "target": "fieldset",
          "toString": [Function],
          "warnTooManyClasses": [Function],
          "withComponent": [Function],
        }
      }
      forwardedRef={null}
      theme={
        Object {
          "animation": [Function],
          "color": Object {
            "black": "#222222",
            "darkBlue": "#002C5F",
            "darkGray": "#515151",
            "error": "#dd3333",
            "gray": "#a9abae",
            "lightGray": "#e5e5e5",
            "overlay": "rgba(0, 0, 0, .15)",
            "primary": "#00528F",
            "secondary": "#00245f",
            "success": "#33bb33",
            "warn": "#dd3333",
            "white": "#fefefe",
          },
          "font": Object {
            "color": "#222222",
            "family": "\\"Ubuntu\\", sans-serif",
            "size": "16px",
            "spacing": 0,
          },
          "shape": Object {
            "border": ".1rem solid rgba(0, 0, 0, .15)",
            "float": "0 .5rem .5rem .125rem rgba(0, 0, 0, .15)",
            "margin": ".25rem .125rem",
            "maxWidth": "1280px",
            "padding": ".75rem .875rem",
            "radius": ".5rem",
            "shadow": "0 .25rem .25rem 0 rgba(0, 0, 0, .15)",
            "size": "16px",
          },
          "transition": Object {
            "time": ".3s ease",
          },
        }
      }
    >
      <fieldset
        className="sc-dnqmqq gyHpke"
      >
        <Text
          align="left"
          isLabel={true}
          small={false}
          strong={false}
          transform="capitalize"
          type=""
        >
          <styled.p
            align="left"
            isLabel={true}
            small={false}
            strong={false}
            theme={
              Object {
                "animation": [Function],
                "color": Object {
                  "black": "#222222",
                  "darkBlue": "#002C5F",
                  "darkGray": "#515151",
                  "error": "#dd3333",
                  "gray": "#a9abae",
                  "lightGray": "#e5e5e5",
                  "overlay": "rgba(0, 0, 0, .15)",
                  "primary": "#00528F",
                  "secondary": "#00245f",
                  "success": "#33bb33",
                  "warn": "#dd3333",
                  "white": "#fefefe",
                },
                "font": Object {
                  "color": "#222222",
                  "family": "\\"Ubuntu\\", sans-serif",
                  "size": "16px",
                  "spacing": 0,
                },
                "shape": Object {
                  "border": ".1rem solid rgba(0, 0, 0, .15)",
                  "float": "0 .5rem .5rem .125rem rgba(0, 0, 0, .15)",
                  "margin": ".25rem .125rem",
                  "maxWidth": "1280px",
                  "padding": ".75rem .875rem",
                  "radius": ".5rem",
                  "shadow": "0 .25rem .25rem 0 rgba(0, 0, 0, .15)",
                  "size": "16px",
                },
                "transition": Object {
                  "time": ".3s ease",
                },
              }
            }
            transform="capitalize"
          >
            <StyledComponent
              align="left"
              forwardedComponent={
                Object {
                  "$$typeof": Symbol(react.forward_ref),
                  "attrs": Array [],
                  "componentStyle": ComponentStyle {
                    "componentId": "sc-bwzfXH",
                    "isStatic": false,
                    "lastClassName": "iJJgOV",
                    "rules": Array [
                      "
font-size: ",
                      [Function],
                      ";
",
                      [Function],
                      "
",
                    ],
                  },
                  "defaultProps": Object {
                    "theme": Object {
                      "animation": [Function],
                      "color": Object {
                        "black": "#222222",
                        "darkBlue": "#002C5F",
                        "darkGray": "#515151",
                        "error": "#dd3333",
                        "gray": "#a9abae",
                        "lightGray": "#e5e5e5",
                        "overlay": "rgba(0, 0, 0, .15)",
                        "primary": "#00528F",
                        "secondary": "#00245f",
                        "success": "#33bb33",
                        "warn": "#dd3333",
                        "white": "#fefefe",
                      },
                      "font": Object {
                        "color": "#222222",
                        "family": "\\"Ubuntu\\", sans-serif",
                        "size": "16px",
                        "spacing": 0,
                      },
                      "shape": Object {
                        "border": ".1rem solid rgba(0, 0, 0, .15)",
                        "float": "0 .5rem .5rem .125rem rgba(0, 0, 0, .15)",
                        "margin": ".25rem .125rem",
                        "maxWidth": "1280px",
                        "padding": ".75rem .875rem",
                        "radius": ".5rem",
                        "shadow": "0 .25rem .25rem 0 rgba(0, 0, 0, .15)",
                        "size": "16px",
                      },
                      "transition": Object {
                        "time": ".3s ease",
                      },
                    },
                  },
                  "displayName": "styled.p",
                  "foldedComponentIds": Array [],
                  "render": [Function],
                  "styledComponentId": "sc-bwzfXH",
                  "target": "p",
                  "toString": [Function],
                  "warnTooManyClasses": [Function],
                  "withComponent": [Function],
                }
              }
              forwardedRef={null}
              isLabel={true}
              small={false}
              strong={false}
              theme={
                Object {
                  "animation": [Function],
                  "color": Object {
                    "black": "#222222",
                    "darkBlue": "#002C5F",
                    "darkGray": "#515151",
                    "error": "#dd3333",
                    "gray": "#a9abae",
                    "lightGray": "#e5e5e5",
                    "overlay": "rgba(0, 0, 0, .15)",
                    "primary": "#00528F",
                    "secondary": "#00245f",
                    "success": "#33bb33",
                    "warn": "#dd3333",
                    "white": "#fefefe",
                  },
                  "font": Object {
                    "color": "#222222",
                    "family": "\\"Ubuntu\\", sans-serif",
                    "size": "16px",
                    "spacing": 0,
                  },
                  "shape": Object {
                    "border": ".1rem solid rgba(0, 0, 0, .15)",
                    "float": "0 .5rem .5rem .125rem rgba(0, 0, 0, .15)",
                    "margin": ".25rem .125rem",
                    "maxWidth": "1280px",
                    "padding": ".75rem .875rem",
                    "radius": ".5rem",
                    "shadow": "0 .25rem .25rem 0 rgba(0, 0, 0, .15)",
                    "size": "16px",
                  },
                  "transition": Object {
                    "time": ".3s ease",
                  },
                }
              }
              transform="capitalize"
            >
              <p
                className="sc-bwzfXH jhYFAE"
                transform="capitalize"
              >
                label:
              </p>
            </StyledComponent>
          </styled.p>
        </Text>
        <Input
          disabled={false}
          disabledPlaceholder="disabled"
          error={false}
          placeholder="placeholder"
          success={false}
          type="text"
          warn={false}
        >
          <styled.input
            disabled={false}
            disabledPlaceholder="disabled"
            error={false}
            placeholder="placeholder"
            success={false}
            theme={
              Object {
                "animation": [Function],
                "color": Object {
                  "black": "#222222",
                  "darkBlue": "#002C5F",
                  "darkGray": "#515151",
                  "error": "#dd3333",
                  "gray": "#a9abae",
                  "lightGray": "#e5e5e5",
                  "overlay": "rgba(0, 0, 0, .15)",
                  "primary": "#00528F",
                  "secondary": "#00245f",
                  "success": "#33bb33",
                  "warn": "#dd3333",
                  "white": "#fefefe",
                },
                "font": Object {
                  "color": "#222222",
                  "family": "\\"Ubuntu\\", sans-serif",
                  "size": "16px",
                  "spacing": 0,
                },
                "shape": Object {
                  "border": ".1rem solid rgba(0, 0, 0, .15)",
                  "float": "0 .5rem .5rem .125rem rgba(0, 0, 0, .15)",
                  "margin": ".25rem .125rem",
                  "maxWidth": "1280px",
                  "padding": ".75rem .875rem",
                  "radius": ".5rem",
                  "shadow": "0 .25rem .25rem 0 rgba(0, 0, 0, .15)",
                  "size": "16px",
                },
                "transition": Object {
                  "time": ".3s ease",
                },
              }
            }
            type="text"
            warn={false}
          >
            <StyledComponent
              disabled={false}
              disabledPlaceholder="disabled"
              error={false}
              forwardedComponent={
                Object {
                  "$$typeof": Symbol(react.forward_ref),
                  "attrs": Array [],
                  "componentStyle": ComponentStyle {
                    "componentId": "sc-bdVaJa",
                    "isStatic": false,
                    "lastClassName": "jwcKFD",
                    "rules": Array [
                      "
",
                      [Function],
                      "
&:disabled {
  background-color: ",
                      [Function],
                      ";
}
",
                    ],
                  },
                  "defaultProps": Object {
                    "theme": Object {
                      "animation": [Function],
                      "color": Object {
                        "black": "#222222",
                        "darkBlue": "#002C5F",
                        "darkGray": "#515151",
                        "error": "#dd3333",
                        "gray": "#a9abae",
                        "lightGray": "#e5e5e5",
                        "overlay": "rgba(0, 0, 0, .15)",
                        "primary": "#00528F",
                        "secondary": "#00245f",
                        "success": "#33bb33",
                        "warn": "#dd3333",
                        "white": "#fefefe",
                      },
                      "font": Object {
                        "color": "#222222",
                        "family": "\\"Ubuntu\\", sans-serif",
                        "size": "16px",
                        "spacing": 0,
                      },
                      "shape": Object {
                        "border": ".1rem solid rgba(0, 0, 0, .15)",
                        "float": "0 .5rem .5rem .125rem rgba(0, 0, 0, .15)",
                        "margin": ".25rem .125rem",
                        "maxWidth": "1280px",
                        "padding": ".75rem .875rem",
                        "radius": ".5rem",
                        "shadow": "0 .25rem .25rem 0 rgba(0, 0, 0, .15)",
                        "size": "16px",
                      },
                      "transition": Object {
                        "time": ".3s ease",
                      },
                    },
                  },
                  "displayName": "styled.input",
                  "foldedComponentIds": Array [],
                  "render": [Function],
                  "styledComponentId": "sc-bdVaJa",
                  "target": "input",
                  "toString": [Function],
                  "warnTooManyClasses": [Function],
                  "withComponent": [Function],
                }
              }
              forwardedRef={
                Object {
                  "current": <input
                    class="sc-bdVaJa jwcKFD"
                    placeholder="placeholder"
                    type="text"
                    value=""
                  />,
                }
              }
              placeholder="placeholder"
              success={false}
              theme={
                Object {
                  "animation": [Function],
                  "color": Object {
                    "black": "#222222",
                    "darkBlue": "#002C5F",
                    "darkGray": "#515151",
                    "error": "#dd3333",
                    "gray": "#a9abae",
                    "lightGray": "#e5e5e5",
                    "overlay": "rgba(0, 0, 0, .15)",
                    "primary": "#00528F",
                    "secondary": "#00245f",
                    "success": "#33bb33",
                    "warn": "#dd3333",
                    "white": "#fefefe",
                  },
                  "font": Object {
                    "color": "#222222",
                    "family": "\\"Ubuntu\\", sans-serif",
                    "size": "16px",
                    "spacing": 0,
                  },
                  "shape": Object {
                    "border": ".1rem solid rgba(0, 0, 0, .15)",
                    "float": "0 .5rem .5rem .125rem rgba(0, 0, 0, .15)",
                    "margin": ".25rem .125rem",
                    "maxWidth": "1280px",
                    "padding": ".75rem .875rem",
                    "radius": ".5rem",
                    "shadow": "0 .25rem .25rem 0 rgba(0, 0, 0, .15)",
                    "size": "16px",
                  },
                  "transition": Object {
                    "time": ".3s ease",
                  },
                }
              }
              type="text"
              warn={false}
            >
              <input
                className="sc-bdVaJa jwcKFD"
                disabled={false}
                placeholder="placeholder"
                type="text"
              />
            </StyledComponent>
          </styled.input>
        </Input>
        <Text
          align="left"
          isLabel={false}
          small={true}
          strong={false}
          transform="none"
          type=""
        >
          <styled.p
            align="left"
            isLabel={false}
            small={true}
            strong={false}
            theme={
              Object {
                "animation": [Function],
                "color": Object {
                  "black": "#222222",
                  "darkBlue": "#002C5F",
                  "darkGray": "#515151",
                  "error": "#dd3333",
                  "gray": "#a9abae",
                  "lightGray": "#e5e5e5",
                  "overlay": "rgba(0, 0, 0, .15)",
                  "primary": "#00528F",
                  "secondary": "#00245f",
                  "success": "#33bb33",
                  "warn": "#dd3333",
                  "white": "#fefefe",
                },
                "font": Object {
                  "color": "#222222",
                  "family": "\\"Ubuntu\\", sans-serif",
                  "size": "16px",
                  "spacing": 0,
                },
                "shape": Object {
                  "border": ".1rem solid rgba(0, 0, 0, .15)",
                  "float": "0 .5rem .5rem .125rem rgba(0, 0, 0, .15)",
                  "margin": ".25rem .125rem",
                  "maxWidth": "1280px",
                  "padding": ".75rem .875rem",
                  "radius": ".5rem",
                  "shadow": "0 .25rem .25rem 0 rgba(0, 0, 0, .15)",
                  "size": "16px",
                },
                "transition": Object {
                  "time": ".3s ease",
                },
              }
            }
            transform="none"
          >
            <StyledComponent
              align="left"
              forwardedComponent={
                Object {
                  "$$typeof": Symbol(react.forward_ref),
                  "attrs": Array [],
                  "componentStyle": ComponentStyle {
                    "componentId": "sc-bwzfXH",
                    "isStatic": false,
                    "lastClassName": "iJJgOV",
                    "rules": Array [
                      "
font-size: ",
                      [Function],
                      ";
",
                      [Function],
                      "
",
                    ],
                  },
                  "defaultProps": Object {
                    "theme": Object {
                      "animation": [Function],
                      "color": Object {
                        "black": "#222222",
                        "darkBlue": "#002C5F",
                        "darkGray": "#515151",
                        "error": "#dd3333",
                        "gray": "#a9abae",
                        "lightGray": "#e5e5e5",
                        "overlay": "rgba(0, 0, 0, .15)",
                        "primary": "#00528F",
                        "secondary": "#00245f",
                        "success": "#33bb33",
                        "warn": "#dd3333",
                        "white": "#fefefe",
                      },
                      "font": Object {
                        "color": "#222222",
                        "family": "\\"Ubuntu\\", sans-serif",
                        "size": "16px",
                        "spacing": 0,
                      },
                      "shape": Object {
                        "border": ".1rem solid rgba(0, 0, 0, .15)",
                        "float": "0 .5rem .5rem .125rem rgba(0, 0, 0, .15)",
                        "margin": ".25rem .125rem",
                        "maxWidth": "1280px",
                        "padding": ".75rem .875rem",
                        "radius": ".5rem",
                        "shadow": "0 .25rem .25rem 0 rgba(0, 0, 0, .15)",
                        "size": "16px",
                      },
                      "transition": Object {
                        "time": ".3s ease",
                      },
                    },
                  },
                  "displayName": "styled.p",
                  "foldedComponentIds": Array [],
                  "render": [Function],
                  "styledComponentId": "sc-bwzfXH",
                  "target": "p",
                  "toString": [Function],
                  "warnTooManyClasses": [Function],
                  "withComponent": [Function],
                }
              }
              forwardedRef={null}
              isLabel={false}
              small={true}
              strong={false}
              theme={
                Object {
                  "animation": [Function],
                  "color": Object {
                    "black": "#222222",
                    "darkBlue": "#002C5F",
                    "darkGray": "#515151",
                    "error": "#dd3333",
                    "gray": "#a9abae",
                    "lightGray": "#e5e5e5",
                    "overlay": "rgba(0, 0, 0, .15)",
                    "primary": "#00528F",
                    "secondary": "#00245f",
                    "success": "#33bb33",
                    "warn": "#dd3333",
                    "white": "#fefefe",
                  },
                  "font": Object {
                    "color": "#222222",
                    "family": "\\"Ubuntu\\", sans-serif",
                    "size": "16px",
                    "spacing": 0,
                  },
                  "shape": Object {
                    "border": ".1rem solid rgba(0, 0, 0, .15)",
                    "float": "0 .5rem .5rem .125rem rgba(0, 0, 0, .15)",
                    "margin": ".25rem .125rem",
                    "maxWidth": "1280px",
                    "padding": ".75rem .875rem",
                    "radius": ".5rem",
                    "shadow": "0 .25rem .25rem 0 rgba(0, 0, 0, .15)",
                    "size": "16px",
                  },
                  "transition": Object {
                    "time": ".3s ease",
                  },
                }
              }
              transform="none"
            >
              <p
                className="sc-bwzfXH iJJgOV"
                transform="none"
              >
                 
              </p>
            </StyledComponent>
          </styled.p>
        </Text>
      </fieldset>
    </StyledComponent>
  </styled.fieldset>
</Fieldset>
`;
