// Jest Snapshot v1, https://goo.gl/fbAQLP

exports[`should render a body 1`] = `
<Body
  title="body"
>
  <Container
    fluid={true}
    full={false}
    height=""
    lightGray={true}
    margin="0 auto"
    maxHeight=""
    maxWidth=""
    minHeight=""
    minWidth=""
    noRadius={true}
    padding="0"
    width="100%"
  >
    <styled.div
      fluid={true}
      full={false}
      height=""
      lightGray={true}
      margin="0 auto"
      maxHeight=""
      maxWidth=""
      minHeight=""
      minWidth=""
      noRadius={true}
      padding="0"
      theme={
        Object {
          "animation": [Function],
          "color": Object {
            "black": "#222222",
            "darkBlue": "#002C5F",
            "darkGray": "#515151",
            "error": "#dd3333",
            "gray": "#a9abae",
            "lightGray": "#e5e5e5",
            "overlay": "rgba(0, 0, 0, .15)",
            "primary": "#00528F",
            "secondary": "#00245f",
            "success": "#33bb33",
            "warn": "#dd3333",
            "white": "#fefefe",
          },
          "font": Object {
            "color": "#222222",
            "family": "\\"Ubuntu\\", sans-serif",
            "size": "16px",
            "spacing": 0,
          },
          "shape": Object {
            "border": ".1rem solid rgba(0, 0, 0, .15)",
            "float": "0 .5rem .5rem .125rem rgba(0, 0, 0, .15)",
            "margin": ".25rem .125rem",
            "maxWidth": "1280px",
            "padding": ".75rem .875rem",
            "radius": ".5rem",
            "shadow": "0 .25rem .25rem 0 rgba(0, 0, 0, .15)",
            "size": "16px",
          },
          "transition": Object {
            "time": ".3s ease",
          },
        }
      }
      width="100%"
    >
      <StyledComponent
        fluid={true}
        forwardedComponent={
          Object {
            "$$typeof": Symbol(react.forward_ref),
            "attrs": Array [],
            "componentStyle": ComponentStyle {
              "componentId": "sc-bdVaJa",
              "isStatic": false,
              "lastClassName": "QzoXA",
              "rules": Array [
                "
padding: ",
                [Function],
                ";
border-radius: ",
                [Function],
                ";
border: ",
                [Function],
                ";
min-height: ",
                [Function],
                ";
display: ",
                [Function],
                ";
background: ",
                [Function],
                ";
overflow: ",
                [Function],
                ";
max-height: ",
                [Function],
                ";
max-width: ",
                [Function],
                ";
min-width: ",
                [Function],
                ";
height: ",
                [Function],
                ";
margin: ",
                [Function],
                ";
width: ",
                [Function],
                ";
flex-direction: column;
box-sizing: border-box;
align-items: stretch;
position: relative;
",
              ],
            },
            "defaultProps": Object {
              "theme": Object {
                "animation": [Function],
                "color": Object {
                  "black": "#222222",
                  "darkBlue": "#002C5F",
                  "darkGray": "#515151",
                  "error": "#dd3333",
                  "gray": "#a9abae",
                  "lightGray": "#e5e5e5",
                  "overlay": "rgba(0, 0, 0, .15)",
                  "primary": "#00528F",
                  "secondary": "#00245f",
                  "success": "#33bb33",
                  "warn": "#dd3333",
                  "white": "#fefefe",
                },
                "font": Object {
                  "color": "#222222",
                  "family": "\\"Ubuntu\\", sans-serif",
                  "size": "16px",
                  "spacing": 0,
                },
                "shape": Object {
                  "border": ".1rem solid rgba(0, 0, 0, .15)",
                  "float": "0 .5rem .5rem .125rem rgba(0, 0, 0, .15)",
                  "margin": ".25rem .125rem",
                  "maxWidth": "1280px",
                  "padding": ".75rem .875rem",
                  "radius": ".5rem",
                  "shadow": "0 .25rem .25rem 0 rgba(0, 0, 0, .15)",
                  "size": "16px",
                },
                "transition": Object {
                  "time": ".3s ease",
                },
              },
            },
            "displayName": "styled.div",
            "foldedComponentIds": Array [],
            "render": [Function],
            "styledComponentId": "sc-bdVaJa",
            "target": "div",
            "toString": [Function],
            "warnTooManyClasses": [Function],
            "withComponent": [Function],
          }
        }
        forwardedRef={null}
        full={false}
        height=""
        lightGray={true}
        margin="0 auto"
        maxHeight=""
        maxWidth=""
        minHeight=""
        minWidth=""
        noRadius={true}
        padding="0"
        theme={
          Object {
            "animation": [Function],
            "color": Object {
              "black": "#222222",
              "darkBlue": "#002C5F",
              "darkGray": "#515151",
              "error": "#dd3333",
              "gray": "#a9abae",
              "lightGray": "#e5e5e5",
              "overlay": "rgba(0, 0, 0, .15)",
              "primary": "#00528F",
              "secondary": "#00245f",
              "success": "#33bb33",
              "warn": "#dd3333",
              "white": "#fefefe",
            },
            "font": Object {
              "color": "#222222",
              "family": "\\"Ubuntu\\", sans-serif",
              "size": "16px",
              "spacing": 0,
            },
            "shape": Object {
              "border": ".1rem solid rgba(0, 0, 0, .15)",
              "float": "0 .5rem .5rem .125rem rgba(0, 0, 0, .15)",
              "margin": ".25rem .125rem",
              "maxWidth": "1280px",
              "padding": ".75rem .875rem",
              "radius": ".5rem",
              "shadow": "0 .25rem .25rem 0 rgba(0, 0, 0, .15)",
              "size": "16px",
            },
            "transition": Object {
              "time": ".3s ease",
            },
          }
        }
        width="100%"
      >
        <div
          className="sc-bdVaJa hVdSti"
          height=""
          width="100%"
        >
          <Container
            fluid={false}
            full={false}
            height=""
            margin="0 auto"
            maxHeight=""
            maxWidth=""
            minHeight=""
            minWidth=""
            noRadius={false}
            padding="0"
            width="100%"
          >
            <styled.div
              fluid={false}
              full={false}
              height=""
              margin="0 auto"
              maxHeight=""
              maxWidth=""
              minHeight=""
              minWidth=""
              noRadius={false}
              padding="0"
              theme={
                Object {
                  "animation": [Function],
                  "color": Object {
                    "black": "#222222",
                    "darkBlue": "#002C5F",
                    "darkGray": "#515151",
                    "error": "#dd3333",
                    "gray": "#a9abae",
                    "lightGray": "#e5e5e5",
                    "overlay": "rgba(0, 0, 0, .15)",
                    "primary": "#00528F",
                    "secondary": "#00245f",
                    "success": "#33bb33",
                    "warn": "#dd3333",
                    "white": "#fefefe",
                  },
                  "font": Object {
                    "color": "#222222",
                    "family": "\\"Ubuntu\\", sans-serif",
                    "size": "16px",
                    "spacing": 0,
                  },
                  "shape": Object {
                    "border": ".1rem solid rgba(0, 0, 0, .15)",
                    "float": "0 .5rem .5rem .125rem rgba(0, 0, 0, .15)",
                    "margin": ".25rem .125rem",
                    "maxWidth": "1280px",
                    "padding": ".75rem .875rem",
                    "radius": ".5rem",
                    "shadow": "0 .25rem .25rem 0 rgba(0, 0, 0, .15)",
                    "size": "16px",
                  },
                  "transition": Object {
                    "time": ".3s ease",
                  },
                }
              }
              width="100%"
            >
              <StyledComponent
                fluid={false}
                forwardedComponent={
                  Object {
                    "$$typeof": Symbol(react.forward_ref),
                    "attrs": Array [],
                    "componentStyle": ComponentStyle {
                      "componentId": "sc-bdVaJa",
                      "isStatic": false,
                      "lastClassName": "QzoXA",
                      "rules": Array [
                        "
padding: ",
                        [Function],
                        ";
border-radius: ",
                        [Function],
                        ";
border: ",
                        [Function],
                        ";
min-height: ",
                        [Function],
                        ";
display: ",
                        [Function],
                        ";
background: ",
                        [Function],
                        ";
overflow: ",
                        [Function],
                        ";
max-height: ",
                        [Function],
                        ";
max-width: ",
                        [Function],
                        ";
min-width: ",
                        [Function],
                        ";
height: ",
                        [Function],
                        ";
margin: ",
                        [Function],
                        ";
width: ",
                        [Function],
                        ";
flex-direction: column;
box-sizing: border-box;
align-items: stretch;
position: relative;
",
                      ],
                    },
                    "defaultProps": Object {
                      "theme": Object {
                        "animation": [Function],
                        "color": Object {
                          "black": "#222222",
                          "darkBlue": "#002C5F",
                          "darkGray": "#515151",
                          "error": "#dd3333",
                          "gray": "#a9abae",
                          "lightGray": "#e5e5e5",
                          "overlay": "rgba(0, 0, 0, .15)",
                          "primary": "#00528F",
                          "secondary": "#00245f",
                          "success": "#33bb33",
                          "warn": "#dd3333",
                          "white": "#fefefe",
                        },
                        "font": Object {
                          "color": "#222222",
                          "family": "\\"Ubuntu\\", sans-serif",
                          "size": "16px",
                          "spacing": 0,
                        },
                        "shape": Object {
                          "border": ".1rem solid rgba(0, 0, 0, .15)",
                          "float": "0 .5rem .5rem .125rem rgba(0, 0, 0, .15)",
                          "margin": ".25rem .125rem",
                          "maxWidth": "1280px",
                          "padding": ".75rem .875rem",
                          "radius": ".5rem",
                          "shadow": "0 .25rem .25rem 0 rgba(0, 0, 0, .15)",
                          "size": "16px",
                        },
                        "transition": Object {
                          "time": ".3s ease",
                        },
                      },
                    },
                    "displayName": "styled.div",
                    "foldedComponentIds": Array [],
                    "render": [Function],
                    "styledComponentId": "sc-bdVaJa",
                    "target": "div",
                    "toString": [Function],
                    "warnTooManyClasses": [Function],
                    "withComponent": [Function],
                  }
                }
                forwardedRef={null}
                full={false}
                height=""
                margin="0 auto"
                maxHeight=""
                maxWidth=""
                minHeight=""
                minWidth=""
                noRadius={false}
                padding="0"
                theme={
                  Object {
                    "animation": [Function],
                    "color": Object {
                      "black": "#222222",
                      "darkBlue": "#002C5F",
                      "darkGray": "#515151",
                      "error": "#dd3333",
                      "gray": "#a9abae",
                      "lightGray": "#e5e5e5",
                      "overlay": "rgba(0, 0, 0, .15)",
                      "primary": "#00528F",
                      "secondary": "#00245f",
                      "success": "#33bb33",
                      "warn": "#dd3333",
                      "white": "#fefefe",
                    },
                    "font": Object {
                      "color": "#222222",
                      "family": "\\"Ubuntu\\", sans-serif",
                      "size": "16px",
                      "spacing": 0,
                    },
                    "shape": Object {
                      "border": ".1rem solid rgba(0, 0, 0, .15)",
                      "float": "0 .5rem .5rem .125rem rgba(0, 0, 0, .15)",
                      "margin": ".25rem .125rem",
                      "maxWidth": "1280px",
                      "padding": ".75rem .875rem",
                      "radius": ".5rem",
                      "shadow": "0 .25rem .25rem 0 rgba(0, 0, 0, .15)",
                      "size": "16px",
                    },
                    "transition": Object {
                      "time": ".3s ease",
                    },
                  }
                }
                width="100%"
              >
                <div
                  className="sc-bdVaJa eROMLd"
                  height=""
                  width="100%"
                >
                  <Row
                    align="stretch"
                    grow={1}
                    hasContent={true}
                    justify="space-between"
                    margin="0"
                  >
                    <Styled(Container)
                      align="stretch"
                      grow={1}
                      hasContent={true}
                      justify="space-between"
                      margin="0"
                      theme={
                        Object {
                          "animation": [Function],
                          "color": Object {
                            "black": "#222222",
                            "darkBlue": "#002C5F",
                            "darkGray": "#515151",
                            "error": "#dd3333",
                            "gray": "#a9abae",
                            "lightGray": "#e5e5e5",
                            "overlay": "rgba(0, 0, 0, .15)",
                            "primary": "#00528F",
                            "secondary": "#00245f",
                            "success": "#33bb33",
                            "warn": "#dd3333",
                            "white": "#fefefe",
                          },
                          "font": Object {
                            "color": "#222222",
                            "family": "\\"Ubuntu\\", sans-serif",
                            "size": "16px",
                            "spacing": 0,
                          },
                          "shape": Object {
                            "border": ".1rem solid rgba(0, 0, 0, .15)",
                            "float": "0 .5rem .5rem .125rem rgba(0, 0, 0, .15)",
                            "margin": ".25rem .125rem",
                            "maxWidth": "1280px",
                            "padding": ".75rem .875rem",
                            "radius": ".5rem",
                            "shadow": "0 .25rem .25rem 0 rgba(0, 0, 0, .15)",
                            "size": "16px",
                          },
                          "transition": Object {
                            "time": ".3s ease",
                          },
                        }
                      }
                    >
                      <StyledComponent
                        align="stretch"
                        forwardedComponent={
                          Object {
                            "$$typeof": Symbol(react.forward_ref),
                            "attrs": Array [],
                            "componentStyle": ComponentStyle {
                              "componentId": "sc-dnqmqq",
                              "isStatic": false,
                              "lastClassName": "jIQYDD",
                              "rules": Array [
                                "
justify-content: ",
                                [Function],
                                ";
align-items: ",
                                [Function],
                                ";
margin: ",
                                [Function],
                                ";
flex-grow: ",
                                [Function],
                                ";
flex-direction: row;
max-width: unset;
flex-shrink: 1;
display: flex;
",
                              ],
                            },
                            "defaultProps": Object {
                              "theme": Object {
                                "animation": [Function],
                                "color": Object {
                                  "black": "#222222",
                                  "darkBlue": "#002C5F",
                                  "darkGray": "#515151",
                                  "error": "#dd3333",
                                  "gray": "#a9abae",
                                  "lightGray": "#e5e5e5",
                                  "overlay": "rgba(0, 0, 0, .15)",
                                  "primary": "#00528F",
                                  "secondary": "#00245f",
                                  "success": "#33bb33",
                                  "warn": "#dd3333",
                                  "white": "#fefefe",
                                },
                                "font": Object {
                                  "color": "#222222",
                                  "family": "\\"Ubuntu\\", sans-serif",
                                  "size": "16px",
                                  "spacing": 0,
                                },
                                "shape": Object {
                                  "border": ".1rem solid rgba(0, 0, 0, .15)",
                                  "float": "0 .5rem .5rem .125rem rgba(0, 0, 0, .15)",
                                  "margin": ".25rem .125rem",
                                  "maxWidth": "1280px",
                                  "padding": ".75rem .875rem",
                                  "radius": ".5rem",
                                  "shadow": "0 .25rem .25rem 0 rgba(0, 0, 0, .15)",
                                  "size": "16px",
                                },
                                "transition": Object {
                                  "time": ".3s ease",
                                },
                              },
                            },
                            "displayName": "Styled(Container)",
                            "foldedComponentIds": Array [],
                            "render": [Function],
                            "styledComponentId": "sc-dnqmqq",
                            "target": [Function],
                            "toString": [Function],
                            "warnTooManyClasses": [Function],
                            "withComponent": [Function],
                            Symbol(Symbol.hasInstance): [Function],
                          }
                        }
                        forwardedRef={null}
                        grow={1}
                        hasContent={true}
                        justify="space-between"
                        margin="0"
                        theme={
                          Object {
                            "animation": [Function],
                            "color": Object {
                              "black": "#222222",
                              "darkBlue": "#002C5F",
                              "darkGray": "#515151",
                              "error": "#dd3333",
                              "gray": "#a9abae",
                              "lightGray": "#e5e5e5",
                              "overlay": "rgba(0, 0, 0, .15)",
                              "primary": "#00528F",
                              "secondary": "#00245f",
                              "success": "#33bb33",
                              "warn": "#dd3333",
                              "white": "#fefefe",
                            },
                            "font": Object {
                              "color": "#222222",
                              "family": "\\"Ubuntu\\", sans-serif",
                              "size": "16px",
                              "spacing": 0,
                            },
                            "shape": Object {
                              "border": ".1rem solid rgba(0, 0, 0, .15)",
                              "float": "0 .5rem .5rem .125rem rgba(0, 0, 0, .15)",
                              "margin": ".25rem .125rem",
                              "maxWidth": "1280px",
                              "padding": ".75rem .875rem",
                              "radius": ".5rem",
                              "shadow": "0 .25rem .25rem 0 rgba(0, 0, 0, .15)",
                              "size": "16px",
                            },
                            "transition": Object {
                              "time": ".3s ease",
                            },
                          }
                        }
                      >
                        <Container
                          align="stretch"
                          className="sc-dnqmqq eqmtyb"
                          fluid={false}
                          full={false}
                          grow={1}
                          hasContent={true}
                          height=""
                          justify="space-between"
                          margin="0"
                          maxHeight=""
                          maxWidth=""
                          minHeight=""
                          minWidth=""
                          noRadius={false}
                          padding="0"
                          theme={
                            Object {
                              "animation": [Function],
                              "color": Object {
                                "black": "#222222",
                                "darkBlue": "#002C5F",
                                "darkGray": "#515151",
                                "error": "#dd3333",
                                "gray": "#a9abae",
                                "lightGray": "#e5e5e5",
                                "overlay": "rgba(0, 0, 0, .15)",
                                "primary": "#00528F",
                                "secondary": "#00245f",
                                "success": "#33bb33",
                                "warn": "#dd3333",
                                "white": "#fefefe",
                              },
                              "font": Object {
                                "color": "#222222",
                                "family": "\\"Ubuntu\\", sans-serif",
                                "size": "16px",
                                "spacing": 0,
                              },
                              "shape": Object {
                                "border": ".1rem solid rgba(0, 0, 0, .15)",
                                "float": "0 .5rem .5rem .125rem rgba(0, 0, 0, .15)",
                                "margin": ".25rem .125rem",
                                "maxWidth": "1280px",
                                "padding": ".75rem .875rem",
                                "radius": ".5rem",
                                "shadow": "0 .25rem .25rem 0 rgba(0, 0, 0, .15)",
                                "size": "16px",
                              },
                              "transition": Object {
                                "time": ".3s ease",
                              },
                            }
                          }
                          width="100%"
                        >
                          <styled.div
                            align="stretch"
                            className="sc-dnqmqq eqmtyb"
                            fluid={false}
                            full={false}
                            grow={1}
                            hasContent={true}
                            height=""
                            justify="space-between"
                            margin="0"
                            maxHeight=""
                            maxWidth=""
                            minHeight=""
                            minWidth=""
                            noRadius={false}
                            padding="0"
                            theme={
                              Object {
                                "animation": [Function],
                                "color": Object {
                                  "black": "#222222",
                                  "darkBlue": "#002C5F",
                                  "darkGray": "#515151",
                                  "error": "#dd3333",
                                  "gray": "#a9abae",
                                  "lightGray": "#e5e5e5",
                                  "overlay": "rgba(0, 0, 0, .15)",
                                  "primary": "#00528F",
                                  "secondary": "#00245f",
                                  "success": "#33bb33",
                                  "warn": "#dd3333",
                                  "white": "#fefefe",
                                },
                                "font": Object {
                                  "color": "#222222",
                                  "family": "\\"Ubuntu\\", sans-serif",
                                  "size": "16px",
                                  "spacing": 0,
                                },
                                "shape": Object {
                                  "border": ".1rem solid rgba(0, 0, 0, .15)",
                                  "float": "0 .5rem .5rem .125rem rgba(0, 0, 0, .15)",
                                  "margin": ".25rem .125rem",
                                  "maxWidth": "1280px",
                                  "padding": ".75rem .875rem",
                                  "radius": ".5rem",
                                  "shadow": "0 .25rem .25rem 0 rgba(0, 0, 0, .15)",
                                  "size": "16px",
                                },
                                "transition": Object {
                                  "time": ".3s ease",
                                },
                              }
                            }
                            width="100%"
                          >
                            <StyledComponent
                              align="stretch"
                              className="sc-dnqmqq eqmtyb"
                              fluid={false}
                              forwardedComponent={
                                Object {
                                  "$$typeof": Symbol(react.forward_ref),
                                  "attrs": Array [],
                                  "componentStyle": ComponentStyle {
                                    "componentId": "sc-bdVaJa",
                                    "isStatic": false,
                                    "lastClassName": "QzoXA",
                                    "rules": Array [
                                      "
padding: ",
                                      [Function],
                                      ";
border-radius: ",
                                      [Function],
                                      ";
border: ",
                                      [Function],
                                      ";
min-height: ",
                                      [Function],
                                      ";
display: ",
                                      [Function],
                                      ";
background: ",
                                      [Function],
                                      ";
overflow: ",
                                      [Function],
                                      ";
max-height: ",
                                      [Function],
                                      ";
max-width: ",
                                      [Function],
                                      ";
min-width: ",
                                      [Function],
                                      ";
height: ",
                                      [Function],
                                      ";
margin: ",
                                      [Function],
                                      ";
width: ",
                                      [Function],
                                      ";
flex-direction: column;
box-sizing: border-box;
align-items: stretch;
position: relative;
",
                                    ],
                                  },
                                  "defaultProps": Object {
                                    "theme": Object {
                                      "animation": [Function],
                                      "color": Object {
                                        "black": "#222222",
                                        "darkBlue": "#002C5F",
                                        "darkGray": "#515151",
                                        "error": "#dd3333",
                                        "gray": "#a9abae",
                                        "lightGray": "#e5e5e5",
                                        "overlay": "rgba(0, 0, 0, .15)",
                                        "primary": "#00528F",
                                        "secondary": "#00245f",
                                        "success": "#33bb33",
                                        "warn": "#dd3333",
                                        "white": "#fefefe",
                                      },
                                      "font": Object {
                                        "color": "#222222",
                                        "family": "\\"Ubuntu\\", sans-serif",
                                        "size": "16px",
                                        "spacing": 0,
                                      },
                                      "shape": Object {
                                        "border": ".1rem solid rgba(0, 0, 0, .15)",
                                        "float": "0 .5rem .5rem .125rem rgba(0, 0, 0, .15)",
                                        "margin": ".25rem .125rem",
                                        "maxWidth": "1280px",
                                        "padding": ".75rem .875rem",
                                        "radius": ".5rem",
                                        "shadow": "0 .25rem .25rem 0 rgba(0, 0, 0, .15)",
                                        "size": "16px",
                                      },
                                      "transition": Object {
                                        "time": ".3s ease",
                                      },
                                    },
                                  },
                                  "displayName": "styled.div",
                                  "foldedComponentIds": Array [],
                                  "render": [Function],
                                  "styledComponentId": "sc-bdVaJa",
                                  "target": "div",
                                  "toString": [Function],
                                  "warnTooManyClasses": [Function],
                                  "withComponent": [Function],
                                }
                              }
                              forwardedRef={null}
                              full={false}
                              grow={1}
                              hasContent={true}
                              height=""
                              justify="space-between"
                              margin="0"
                              maxHeight=""
                              maxWidth=""
                              minHeight=""
                              minWidth=""
                              noRadius={false}
                              padding="0"
                              theme={
                                Object {
                                  "animation": [Function],
                                  "color": Object {
                                    "black": "#222222",
                                    "darkBlue": "#002C5F",
                                    "darkGray": "#515151",
                                    "error": "#dd3333",
                                    "gray": "#a9abae",
                                    "lightGray": "#e5e5e5",
                                    "overlay": "rgba(0, 0, 0, .15)",
                                    "primary": "#00528F",
                                    "secondary": "#00245f",
                                    "success": "#33bb33",
                                    "warn": "#dd3333",
                                    "white": "#fefefe",
                                  },
                                  "font": Object {
                                    "color": "#222222",
                                    "family": "\\"Ubuntu\\", sans-serif",
                                    "size": "16px",
                                    "spacing": 0,
                                  },
                                  "shape": Object {
                                    "border": ".1rem solid rgba(0, 0, 0, .15)",
                                    "float": "0 .5rem .5rem .125rem rgba(0, 0, 0, .15)",
                                    "margin": ".25rem .125rem",
                                    "maxWidth": "1280px",
                                    "padding": ".75rem .875rem",
                                    "radius": ".5rem",
                                    "shadow": "0 .25rem .25rem 0 rgba(0, 0, 0, .15)",
                                    "size": "16px",
                                  },
                                  "transition": Object {
                                    "time": ".3s ease",
                                  },
                                }
                              }
                              width="100%"
                            >
                              <div
                                className="sc-dnqmqq eqmtyb sc-bdVaJa hKmQZt"
                                height=""
                                width="100%"
                              >
                                <Col
                                  align="center"
                                  grow={8}
                                  justify="flex-start"
                                >
                                  <Styled(Row)
                                    align="center"
                                    grow={8}
                                    justify="flex-start"
                                    theme={
                                      Object {
                                        "animation": [Function],
                                        "color": Object {
                                          "black": "#222222",
                                          "darkBlue": "#002C5F",
                                          "darkGray": "#515151",
                                          "error": "#dd3333",
                                          "gray": "#a9abae",
                                          "lightGray": "#e5e5e5",
                                          "overlay": "rgba(0, 0, 0, .15)",
                                          "primary": "#00528F",
                                          "secondary": "#00245f",
                                          "success": "#33bb33",
                                          "warn": "#dd3333",
                                          "white": "#fefefe",
                                        },
                                        "font": Object {
                                          "color": "#222222",
                                          "family": "\\"Ubuntu\\", sans-serif",
                                          "size": "16px",
                                          "spacing": 0,
                                        },
                                        "shape": Object {
                                          "border": ".1rem solid rgba(0, 0, 0, .15)",
                                          "float": "0 .5rem .5rem .125rem rgba(0, 0, 0, .15)",
                                          "margin": ".25rem .125rem",
                                          "maxWidth": "1280px",
                                          "padding": ".75rem .875rem",
                                          "radius": ".5rem",
                                          "shadow": "0 .25rem .25rem 0 rgba(0, 0, 0, .15)",
                                          "size": "16px",
                                        },
                                        "transition": Object {
                                          "time": ".3s ease",
                                        },
                                      }
                                    }
                                  >
                                    <StyledComponent
                                      align="center"
                                      forwardedComponent={
                                        Object {
                                          "$$typeof": Symbol(react.forward_ref),
                                          "attrs": Array [],
                                          "componentStyle": ComponentStyle {
                                            "componentId": "sc-iwsKbI",
                                            "isStatic": true,
                                            "lastClassName": "bFHhYe",
                                            "rules": Array [
                                              "
flex-direction: column;
flex-basis: 0;
",
                                            ],
                                          },
                                          "defaultProps": Object {
                                            "theme": Object {
                                              "animation": [Function],
                                              "color": Object {
                                                "black": "#222222",
                                                "darkBlue": "#002C5F",
                                                "darkGray": "#515151",
                                                "error": "#dd3333",
                                                "gray": "#a9abae",
                                                "lightGray": "#e5e5e5",
                                                "overlay": "rgba(0, 0, 0, .15)",
                                                "primary": "#00528F",
                                                "secondary": "#00245f",
                                                "success": "#33bb33",
                                                "warn": "#dd3333",
                                                "white": "#fefefe",
                                              },
                                              "font": Object {
                                                "color": "#222222",
                                                "family": "\\"Ubuntu\\", sans-serif",
                                                "size": "16px",
                                                "spacing": 0,
                                              },
                                              "shape": Object {
                                                "border": ".1rem solid rgba(0, 0, 0, .15)",
                                                "float": "0 .5rem .5rem .125rem rgba(0, 0, 0, .15)",
                                                "margin": ".25rem .125rem",
                                                "maxWidth": "1280px",
                                                "padding": ".75rem .875rem",
                                                "radius": ".5rem",
                                                "shadow": "0 .25rem .25rem 0 rgba(0, 0, 0, .15)",
                                                "size": "16px",
                                              },
                                              "transition": Object {
                                                "time": ".3s ease",
                                              },
                                            },
                                          },
                                          "displayName": "Styled(Row)",
                                          "foldedComponentIds": Array [],
                                          "render": [Function],
                                          "styledComponentId": "sc-iwsKbI",
                                          "target": [Function],
                                          "toString": [Function],
                                          "warnTooManyClasses": [Function],
                                          "withComponent": [Function],
                                          Symbol(Symbol.hasInstance): [Function],
                                        }
                                      }
                                      forwardedRef={null}
                                      grow={8}
                                      justify="flex-start"
                                      theme={
                                        Object {
                                          "animation": [Function],
                                          "color": Object {
                                            "black": "#222222",
                                            "darkBlue": "#002C5F",
                                            "darkGray": "#515151",
                                            "error": "#dd3333",
                                            "gray": "#a9abae",
                                            "lightGray": "#e5e5e5",
                                            "overlay": "rgba(0, 0, 0, .15)",
                                            "primary": "#00528F",
                                            "secondary": "#00245f",
                                            "success": "#33bb33",
                                            "warn": "#dd3333",
                                            "white": "#fefefe",
                                          },
                                          "font": Object {
                                            "color": "#222222",
                                            "family": "\\"Ubuntu\\", sans-serif",
                                            "size": "16px",
                                            "spacing": 0,
                                          },
                                          "shape": Object {
                                            "border": ".1rem solid rgba(0, 0, 0, .15)",
                                            "float": "0 .5rem .5rem .125rem rgba(0, 0, 0, .15)",
                                            "margin": ".25rem .125rem",
                                            "maxWidth": "1280px",
                                            "padding": ".75rem .875rem",
                                            "radius": ".5rem",
                                            "shadow": "0 .25rem .25rem 0 rgba(0, 0, 0, .15)",
                                            "size": "16px",
                                          },
                                          "transition": Object {
                                            "time": ".3s ease",
                                          },
                                        }
                                      }
                                    >
                                      <Row
                                        align="center"
                                        className="sc-iwsKbI bFHhYe"
                                        grow={8}
                                        justify="flex-start"
                                        margin="0"
                                        theme={
                                          Object {
                                            "animation": [Function],
                                            "color": Object {
                                              "black": "#222222",
                                              "darkBlue": "#002C5F",
                                              "darkGray": "#515151",
                                              "error": "#dd3333",
                                              "gray": "#a9abae",
                                              "lightGray": "#e5e5e5",
                                              "overlay": "rgba(0, 0, 0, .15)",
                                              "primary": "#00528F",
                                              "secondary": "#00245f",
                                              "success": "#33bb33",
                                              "warn": "#dd3333",
                                              "white": "#fefefe",
                                            },
                                            "font": Object {
                                              "color": "#222222",
                                              "family": "\\"Ubuntu\\", sans-serif",
                                              "size": "16px",
                                              "spacing": 0,
                                            },
                                            "shape": Object {
                                              "border": ".1rem solid rgba(0, 0, 0, .15)",
                                              "float": "0 .5rem .5rem .125rem rgba(0, 0, 0, .15)",
                                              "margin": ".25rem .125rem",
                                              "maxWidth": "1280px",
                                              "padding": ".75rem .875rem",
                                              "radius": ".5rem",
                                              "shadow": "0 .25rem .25rem 0 rgba(0, 0, 0, .15)",
                                              "size": "16px",
                                            },
                                            "transition": Object {
                                              "time": ".3s ease",
                                            },
                                          }
                                        }
                                      >
                                        <Styled(Container)
                                          align="center"
                                          className="sc-iwsKbI bFHhYe"
                                          grow={8}
                                          justify="flex-start"
                                          margin="0"
                                          theme={
                                            Object {
                                              "animation": [Function],
                                              "color": Object {
                                                "black": "#222222",
                                                "darkBlue": "#002C5F",
                                                "darkGray": "#515151",
                                                "error": "#dd3333",
                                                "gray": "#a9abae",
                                                "lightGray": "#e5e5e5",
                                                "overlay": "rgba(0, 0, 0, .15)",
                                                "primary": "#00528F",
                                                "secondary": "#00245f",
                                                "success": "#33bb33",
                                                "warn": "#dd3333",
                                                "white": "#fefefe",
                                              },
                                              "font": Object {
                                                "color": "#222222",
                                                "family": "\\"Ubuntu\\", sans-serif",
                                                "size": "16px",
                                                "spacing": 0,
                                              },
                                              "shape": Object {
                                                "border": ".1rem solid rgba(0, 0, 0, .15)",
                                                "float": "0 .5rem .5rem .125rem rgba(0, 0, 0, .15)",
                                                "margin": ".25rem .125rem",
                                                "maxWidth": "1280px",
                                                "padding": ".75rem .875rem",
                                                "radius": ".5rem",
                                                "shadow": "0 .25rem .25rem 0 rgba(0, 0, 0, .15)",
                                                "size": "16px",
                                              },
                                              "transition": Object {
                                                "time": ".3s ease",
                                              },
                                            }
                                          }
                                        >
                                          <StyledComponent
                                            align="center"
                                            className="sc-iwsKbI bFHhYe"
                                            forwardedComponent={
                                              Object {
                                                "$$typeof": Symbol(react.forward_ref),
                                                "attrs": Array [],
                                                "componentStyle": ComponentStyle {
                                                  "componentId": "sc-dnqmqq",
                                                  "isStatic": false,
                                                  "lastClassName": "jIQYDD",
                                                  "rules": Array [
                                                    "
justify-content: ",
                                                    [Function],
                                                    ";
align-items: ",
                                                    [Function],
                                                    ";
margin: ",
                                                    [Function],
                                                    ";
flex-grow: ",
                                                    [Function],
                                                    ";
flex-direction: row;
max-width: unset;
flex-shrink: 1;
display: flex;
",
                                                  ],
                                                },
                                                "defaultProps": Object {
                                                  "theme": Object {
                                                    "animation": [Function],
                                                    "color": Object {
                                                      "black": "#222222",
                                                      "darkBlue": "#002C5F",
                                                      "darkGray": "#515151",
                                                      "error": "#dd3333",
                                                      "gray": "#a9abae",
                                                      "lightGray": "#e5e5e5",
                                                      "overlay": "rgba(0, 0, 0, .15)",
                                                      "primary": "#00528F",
                                                      "secondary": "#00245f",
                                                      "success": "#33bb33",
                                                      "warn": "#dd3333",
                                                      "white": "#fefefe",
                                                    },
                                                    "font": Object {
                                                      "color": "#222222",
                                                      "family": "\\"Ubuntu\\", sans-serif",
                                                      "size": "16px",
                                                      "spacing": 0,
                                                    },
                                                    "shape": Object {
                                                      "border": ".1rem solid rgba(0, 0, 0, .15)",
                                                      "float": "0 .5rem .5rem .125rem rgba(0, 0, 0, .15)",
                                                      "margin": ".25rem .125rem",
                                                      "maxWidth": "1280px",
                                                      "padding": ".75rem .875rem",
                                                      "radius": ".5rem",
                                                      "shadow": "0 .25rem .25rem 0 rgba(0, 0, 0, .15)",
                                                      "size": "16px",
                                                    },
                                                    "transition": Object {
                                                      "time": ".3s ease",
                                                    },
                                                  },
                                                },
                                                "displayName": "Styled(Container)",
                                                "foldedComponentIds": Array [],
                                                "render": [Function],
                                                "styledComponentId": "sc-dnqmqq",
                                                "target": [Function],
                                                "toString": [Function],
                                                "warnTooManyClasses": [Function],
                                                "withComponent": [Function],
                                                Symbol(Symbol.hasInstance): [Function],
                                              }
                                            }
                                            forwardedRef={null}
                                            grow={8}
                                            justify="flex-start"
                                            margin="0"
                                            theme={
                                              Object {
                                                "animation": [Function],
                                                "color": Object {
                                                  "black": "#222222",
                                                  "darkBlue": "#002C5F",
                                                  "darkGray": "#515151",
                                                  "error": "#dd3333",
                                                  "gray": "#a9abae",
                                                  "lightGray": "#e5e5e5",
                                                  "overlay": "rgba(0, 0, 0, .15)",
                                                  "primary": "#00528F",
                                                  "secondary": "#00245f",
                                                  "success": "#33bb33",
                                                  "warn": "#dd3333",
                                                  "white": "#fefefe",
                                                },
                                                "font": Object {
                                                  "color": "#222222",
                                                  "family": "\\"Ubuntu\\", sans-serif",
                                                  "size": "16px",
                                                  "spacing": 0,
                                                },
                                                "shape": Object {
                                                  "border": ".1rem solid rgba(0, 0, 0, .15)",
                                                  "float": "0 .5rem .5rem .125rem rgba(0, 0, 0, .15)",
                                                  "margin": ".25rem .125rem",
                                                  "maxWidth": "1280px",
                                                  "padding": ".75rem .875rem",
                                                  "radius": ".5rem",
                                                  "shadow": "0 .25rem .25rem 0 rgba(0, 0, 0, .15)",
                                                  "size": "16px",
                                                },
                                                "transition": Object {
                                                  "time": ".3s ease",
                                                },
                                              }
                                            }
                                          >
                                            <Container
                                              align="center"
                                              className="sc-iwsKbI bFHhYe sc-dnqmqq jIQYDD"
                                              fluid={false}
                                              full={false}
                                              grow={8}
                                              height=""
                                              justify="flex-start"
                                              margin="0"
                                              maxHeight=""
                                              maxWidth=""
                                              minHeight=""
                                              minWidth=""
                                              noRadius={false}
                                              padding="0"
                                              theme={
                                                Object {
                                                  "animation": [Function],
                                                  "color": Object {
                                                    "black": "#222222",
                                                    "darkBlue": "#002C5F",
                                                    "darkGray": "#515151",
                                                    "error": "#dd3333",
                                                    "gray": "#a9abae",
                                                    "lightGray": "#e5e5e5",
                                                    "overlay": "rgba(0, 0, 0, .15)",
                                                    "primary": "#00528F",
                                                    "secondary": "#00245f",
                                                    "success": "#33bb33",
                                                    "warn": "#dd3333",
                                                    "white": "#fefefe",
                                                  },
                                                  "font": Object {
                                                    "color": "#222222",
                                                    "family": "\\"Ubuntu\\", sans-serif",
                                                    "size": "16px",
                                                    "spacing": 0,
                                                  },
                                                  "shape": Object {
                                                    "border": ".1rem solid rgba(0, 0, 0, .15)",
                                                    "float": "0 .5rem .5rem .125rem rgba(0, 0, 0, .15)",
                                                    "margin": ".25rem .125rem",
                                                    "maxWidth": "1280px",
                                                    "padding": ".75rem .875rem",
                                                    "radius": ".5rem",
                                                    "shadow": "0 .25rem .25rem 0 rgba(0, 0, 0, .15)",
                                                    "size": "16px",
                                                  },
                                                  "transition": Object {
                                                    "time": ".3s ease",
                                                  },
                                                }
                                              }
                                              width="100%"
                                            >
                                              <styled.div
                                                align="center"
                                                className="sc-iwsKbI bFHhYe sc-dnqmqq jIQYDD"
                                                fluid={false}
                                                full={false}
                                                grow={8}
                                                height=""
                                                justify="flex-start"
                                                margin="0"
                                                maxHeight=""
                                                maxWidth=""
                                                minHeight=""
                                                minWidth=""
                                                noRadius={false}
                                                padding="0"
                                                theme={
                                                  Object {
                                                    "animation": [Function],
                                                    "color": Object {
                                                      "black": "#222222",
                                                      "darkBlue": "#002C5F",
                                                      "darkGray": "#515151",
                                                      "error": "#dd3333",
                                                      "gray": "#a9abae",
                                                      "lightGray": "#e5e5e5",
                                                      "overlay": "rgba(0, 0, 0, .15)",
                                                      "primary": "#00528F",
                                                      "secondary": "#00245f",
                                                      "success": "#33bb33",
                                                      "warn": "#dd3333",
                                                      "white": "#fefefe",
                                                    },
                                                    "font": Object {
                                                      "color": "#222222",
                                                      "family": "\\"Ubuntu\\", sans-serif",
                                                      "size": "16px",
                                                      "spacing": 0,
                                                    },
                                                    "shape": Object {
                                                      "border": ".1rem solid rgba(0, 0, 0, .15)",
                                                      "float": "0 .5rem .5rem .125rem rgba(0, 0, 0, .15)",
                                                      "margin": ".25rem .125rem",
                                                      "maxWidth": "1280px",
                                                      "padding": ".75rem .875rem",
                                                      "radius": ".5rem",
                                                      "shadow": "0 .25rem .25rem 0 rgba(0, 0, 0, .15)",
                                                      "size": "16px",
                                                    },
                                                    "transition": Object {
                                                      "time": ".3s ease",
                                                    },
                                                  }
                                                }
                                                width="100%"
                                              >
                                                <StyledComponent
                                                  align="center"
                                                  className="sc-iwsKbI bFHhYe sc-dnqmqq jIQYDD"
                                                  fluid={false}
                                                  forwardedComponent={
                                                    Object {
                                                      "$$typeof": Symbol(react.forward_ref),
                                                      "attrs": Array [],
                                                      "componentStyle": ComponentStyle {
                                                        "componentId": "sc-bdVaJa",
                                                        "isStatic": false,
                                                        "lastClassName": "QzoXA",
                                                        "rules": Array [
                                                          "
padding: ",
                                                          [Function],
                                                          ";
border-radius: ",
                                                          [Function],
                                                          ";
border: ",
                                                          [Function],
                                                          ";
min-height: ",
                                                          [Function],
                                                          ";
display: ",
                                                          [Function],
                                                          ";
background: ",
                                                          [Function],
                                                          ";
overflow: ",
                                                          [Function],
                                                          ";
max-height: ",
                                                          [Function],
                                                          ";
max-width: ",
                                                          [Function],
                                                          ";
min-width: ",
                                                          [Function],
                                                          ";
height: ",
                                                          [Function],
                                                          ";
margin: ",
                                                          [Function],
                                                          ";
width: ",
                                                          [Function],
                                                          ";
flex-direction: column;
box-sizing: border-box;
align-items: stretch;
position: relative;
",
                                                        ],
                                                      },
                                                      "defaultProps": Object {
                                                        "theme": Object {
                                                          "animation": [Function],
                                                          "color": Object {
                                                            "black": "#222222",
                                                            "darkBlue": "#002C5F",
                                                            "darkGray": "#515151",
                                                            "error": "#dd3333",
                                                            "gray": "#a9abae",
                                                            "lightGray": "#e5e5e5",
                                                            "overlay": "rgba(0, 0, 0, .15)",
                                                            "primary": "#00528F",
                                                            "secondary": "#00245f",
                                                            "success": "#33bb33",
                                                            "warn": "#dd3333",
                                                            "white": "#fefefe",
                                                          },
                                                          "font": Object {
                                                            "color": "#222222",
                                                            "family": "\\"Ubuntu\\", sans-serif",
                                                            "size": "16px",
                                                            "spacing": 0,
                                                          },
                                                          "shape": Object {
                                                            "border": ".1rem solid rgba(0, 0, 0, .15)",
                                                            "float": "0 .5rem .5rem .125rem rgba(0, 0, 0, .15)",
                                                            "margin": ".25rem .125rem",
                                                            "maxWidth": "1280px",
                                                            "padding": ".75rem .875rem",
                                                            "radius": ".5rem",
                                                            "shadow": "0 .25rem .25rem 0 rgba(0, 0, 0, .15)",
                                                            "size": "16px",
                                                          },
                                                          "transition": Object {
                                                            "time": ".3s ease",
                                                          },
                                                        },
                                                      },
                                                      "displayName": "styled.div",
                                                      "foldedComponentIds": Array [],
                                                      "render": [Function],
                                                      "styledComponentId": "sc-bdVaJa",
                                                      "target": "div",
                                                      "toString": [Function],
                                                      "warnTooManyClasses": [Function],
                                                      "withComponent": [Function],
                                                    }
                                                  }
                                                  forwardedRef={null}
                                                  full={false}
                                                  grow={8}
                                                  height=""
                                                  justify="flex-start"
                                                  margin="0"
                                                  maxHeight=""
                                                  maxWidth=""
                                                  minHeight=""
                                                  minWidth=""
                                                  noRadius={false}
                                                  padding="0"
                                                  theme={
                                                    Object {
                                                      "animation": [Function],
                                                      "color": Object {
                                                        "black": "#222222",
                                                        "darkBlue": "#002C5F",
                                                        "darkGray": "#515151",
                                                        "error": "#dd3333",
                                                        "gray": "#a9abae",
                                                        "lightGray": "#e5e5e5",
                                                        "overlay": "rgba(0, 0, 0, .15)",
                                                        "primary": "#00528F",
                                                        "secondary": "#00245f",
                                                        "success": "#33bb33",
                                                        "warn": "#dd3333",
                                                        "white": "#fefefe",
                                                      },
                                                      "font": Object {
                                                        "color": "#222222",
                                                        "family": "\\"Ubuntu\\", sans-serif",
                                                        "size": "16px",
                                                        "spacing": 0,
                                                      },
                                                      "shape": Object {
                                                        "border": ".1rem solid rgba(0, 0, 0, .15)",
                                                        "float": "0 .5rem .5rem .125rem rgba(0, 0, 0, .15)",
                                                        "margin": ".25rem .125rem",
                                                        "maxWidth": "1280px",
                                                        "padding": ".75rem .875rem",
                                                        "radius": ".5rem",
                                                        "shadow": "0 .25rem .25rem 0 rgba(0, 0, 0, .15)",
                                                        "size": "16px",
                                                      },
                                                      "transition": Object {
                                                        "time": ".3s ease",
                                                      },
                                                    }
                                                  }
                                                  width="100%"
                                                >
                                                  <div
                                                    className="sc-iwsKbI bFHhYe sc-dnqmqq jIQYDD sc-bdVaJa QzoXA"
                                                    height=""
                                                    width="100%"
                                                  >
                                                    <Text
                                                      align="left"
                                                      isLabel={false}
                                                      small={false}
                                                      strong={false}
                                                      transform="none"
                                                      type="h3"
                                                    >
                                                      <styled.h3
                                                        align="left"
                                                        isLabel={false}
                                                        small={false}
                                                        strong={false}
                                                        theme={
                                                          Object {
                                                            "animation": [Function],
                                                            "color": Object {
                                                              "black": "#222222",
                                                              "darkBlue": "#002C5F",
                                                              "darkGray": "#515151",
                                                              "error": "#dd3333",
                                                              "gray": "#a9abae",
                                                              "lightGray": "#e5e5e5",
                                                              "overlay": "rgba(0, 0, 0, .15)",
                                                              "primary": "#00528F",
                                                              "secondary": "#00245f",
                                                              "success": "#33bb33",
                                                              "warn": "#dd3333",
                                                              "white": "#fefefe",
                                                            },
                                                            "font": Object {
                                                              "color": "#222222",
                                                              "family": "\\"Ubuntu\\", sans-serif",
                                                              "size": "16px",
                                                              "spacing": 0,
                                                            },
                                                            "shape": Object {
                                                              "border": ".1rem solid rgba(0, 0, 0, .15)",
                                                              "float": "0 .5rem .5rem .125rem rgba(0, 0, 0, .15)",
                                                              "margin": ".25rem .125rem",
                                                              "maxWidth": "1280px",
                                                              "padding": ".75rem .875rem",
                                                              "radius": ".5rem",
                                                              "shadow": "0 .25rem .25rem 0 rgba(0, 0, 0, .15)",
                                                              "size": "16px",
                                                            },
                                                            "transition": Object {
                                                              "time": ".3s ease",
                                                            },
                                                          }
                                                        }
                                                        transform="none"
                                                      >
                                                        <StyledComponent
                                                          align="left"
                                                          forwardedComponent={
                                                            Object {
                                                              "$$typeof": Symbol(react.forward_ref),
                                                              "attrs": Array [],
                                                              "componentStyle": ComponentStyle {
                                                                "componentId": "sc-EHOje",
                                                                "isStatic": false,
                                                                "lastClassName": "MnEft",
                                                                "rules": Array [
                                                                  "
",
                                                                  [Function],
                                                                  "
font-size: 1.5rem;
",
                                                                ],
                                                              },
                                                              "defaultProps": Object {
                                                                "theme": Object {
                                                                  "animation": [Function],
                                                                  "color": Object {
                                                                    "black": "#222222",
                                                                    "darkBlue": "#002C5F",
                                                                    "darkGray": "#515151",
                                                                    "error": "#dd3333",
                                                                    "gray": "#a9abae",
                                                                    "lightGray": "#e5e5e5",
                                                                    "overlay": "rgba(0, 0, 0, .15)",
                                                                    "primary": "#00528F",
                                                                    "secondary": "#00245f",
                                                                    "success": "#33bb33",
                                                                    "warn": "#dd3333",
                                                                    "white": "#fefefe",
                                                                  },
                                                                  "font": Object {
                                                                    "color": "#222222",
                                                                    "family": "\\"Ubuntu\\", sans-serif",
                                                                    "size": "16px",
                                                                    "spacing": 0,
                                                                  },
                                                                  "shape": Object {
                                                                    "border": ".1rem solid rgba(0, 0, 0, .15)",
                                                                    "float": "0 .5rem .5rem .125rem rgba(0, 0, 0, .15)",
                                                                    "margin": ".25rem .125rem",
                                                                    "maxWidth": "1280px",
                                                                    "padding": ".75rem .875rem",
                                                                    "radius": ".5rem",
                                                                    "shadow": "0 .25rem .25rem 0 rgba(0, 0, 0, .15)",
                                                                    "size": "16px",
                                                                  },
                                                                  "transition": Object {
                                                                    "time": ".3s ease",
                                                                  },
                                                                },
                                                              },
                                                              "displayName": "styled.h3",
                                                              "foldedComponentIds": Array [],
                                                              "render": [Function],
                                                              "styledComponentId": "sc-EHOje",
                                                              "target": "h3",
                                                              "toString": [Function],
                                                              "warnTooManyClasses": [Function],
                                                              "withComponent": [Function],
                                                            }
                                                          }
                                                          forwardedRef={null}
                                                          isLabel={false}
                                                          small={false}
                                                          strong={false}
                                                          theme={
                                                            Object {
                                                              "animation": [Function],
                                                              "color": Object {
                                                                "black": "#222222",
                                                                "darkBlue": "#002C5F",
                                                                "darkGray": "#515151",
                                                                "error": "#dd3333",
                                                                "gray": "#a9abae",
                                                                "lightGray": "#e5e5e5",
                                                                "overlay": "rgba(0, 0, 0, .15)",
                                                                "primary": "#00528F",
                                                                "secondary": "#00245f",
                                                                "success": "#33bb33",
                                                                "warn": "#dd3333",
                                                                "white": "#fefefe",
                                                              },
                                                              "font": Object {
                                                                "color": "#222222",
                                                                "family": "\\"Ubuntu\\", sans-serif",
                                                                "size": "16px",
                                                                "spacing": 0,
                                                              },
                                                              "shape": Object {
                                                                "border": ".1rem solid rgba(0, 0, 0, .15)",
                                                                "float": "0 .5rem .5rem .125rem rgba(0, 0, 0, .15)",
                                                                "margin": ".25rem .125rem",
                                                                "maxWidth": "1280px",
                                                                "padding": ".75rem .875rem",
                                                                "radius": ".5rem",
                                                                "shadow": "0 .25rem .25rem 0 rgba(0, 0, 0, .15)",
                                                                "size": "16px",
                                                              },
                                                              "transition": Object {
                                                                "time": ".3s ease",
                                                              },
                                                            }
                                                          }
                                                          transform="none"
                                                        >
                                                          <h3
                                                            className="sc-EHOje MnEft"
                                                            transform="none"
                                                          >
                                                            body
                                                          </h3>
                                                        </StyledComponent>
                                                      </styled.h3>
                                                    </Text>
                                                  </div>
                                                </StyledComponent>
                                              </styled.div>
                                            </Container>
                                          </StyledComponent>
                                        </Styled(Container)>
                                      </Row>
                                    </StyledComponent>
                                  </Styled(Row)>
                                </Col>
                              </div>
                            </StyledComponent>
                          </styled.div>
                        </Container>
                      </StyledComponent>
                    </Styled(Container)>
                  </Row>
                </div>
              </StyledComponent>
            </styled.div>
          </Container>
        </div>
      </StyledComponent>
    </styled.div>
  </Container>
</Body>
`;
