// Jest Snapshot v1, https://goo.gl/fbAQLP

exports[`should render a menu 1`] = `
<Menu
  links={
    Array [
      Object {
        "path": "/",
        "title": "Home",
      },
    ]
  }
  menuButton={[Function]}
>
  <Container
    fluid={false}
    full={false}
    height=""
    margin="0 auto"
    maxHeight=""
    maxWidth=""
    minHeight=""
    minWidth=""
    noRadius={false}
    padding="0"
    width="100%"
  >
    <styled.div
      fluid={false}
      full={false}
      height=""
      margin="0 auto"
      maxHeight=""
      maxWidth=""
      minHeight=""
      minWidth=""
      noRadius={false}
      padding="0"
      theme={
        Object {
          "animation": [Function],
          "color": Object {
            "black": "#222222",
            "darkBlue": "#002C5F",
            "darkGray": "#515151",
            "error": "#dd3333",
            "gray": "#a9abae",
            "lightGray": "#e5e5e5",
            "overlay": "rgba(0, 0, 0, .15)",
            "primary": "#00528F",
            "secondary": "#00245f",
            "success": "#33bb33",
            "warn": "#dd3333",
            "white": "#fefefe",
          },
          "font": Object {
            "color": "#222222",
            "family": "\\"Ubuntu\\", sans-serif",
            "size": "16px",
            "spacing": 0,
          },
          "shape": Object {
            "border": ".1rem solid rgba(0, 0, 0, .15)",
            "float": "0 .5rem .5rem .125rem rgba(0, 0, 0, .15)",
            "margin": ".25rem .125rem",
            "maxWidth": "1280px",
            "padding": ".75rem .875rem",
            "radius": ".5rem",
            "shadow": "0 .25rem .25rem 0 rgba(0, 0, 0, .15)",
            "size": "16px",
          },
          "transition": Object {
            "time": ".3s ease",
          },
        }
      }
      width="100%"
    >
      <StyledComponent
        fluid={false}
        forwardedComponent={
          Object {
            "$$typeof": Symbol(react.forward_ref),
            "attrs": Array [],
            "componentStyle": ComponentStyle {
              "componentId": "sc-bdVaJa",
              "isStatic": false,
              "lastClassName": "cYfaOa",
              "rules": Array [
                "
padding: ",
                [Function],
                ";
border-radius: ",
                [Function],
                ";
border: ",
                [Function],
                ";
min-height: ",
                [Function],
                ";
display: ",
                [Function],
                ";
background: ",
                [Function],
                ";
overflow: ",
                [Function],
                ";
max-height: ",
                [Function],
                ";
max-width: ",
                [Function],
                ";
min-width: ",
                [Function],
                ";
height: ",
                [Function],
                ";
margin: ",
                [Function],
                ";
width: ",
                [Function],
                ";
flex-direction: column;
box-sizing: border-box;
align-items: stretch;
position: relative;
",
              ],
            },
            "defaultProps": Object {
              "theme": Object {
                "animation": [Function],
                "color": Object {
                  "black": "#222222",
                  "darkBlue": "#002C5F",
                  "darkGray": "#515151",
                  "error": "#dd3333",
                  "gray": "#a9abae",
                  "lightGray": "#e5e5e5",
                  "overlay": "rgba(0, 0, 0, .15)",
                  "primary": "#00528F",
                  "secondary": "#00245f",
                  "success": "#33bb33",
                  "warn": "#dd3333",
                  "white": "#fefefe",
                },
                "font": Object {
                  "color": "#222222",
                  "family": "\\"Ubuntu\\", sans-serif",
                  "size": "16px",
                  "spacing": 0,
                },
                "shape": Object {
                  "border": ".1rem solid rgba(0, 0, 0, .15)",
                  "float": "0 .5rem .5rem .125rem rgba(0, 0, 0, .15)",
                  "margin": ".25rem .125rem",
                  "maxWidth": "1280px",
                  "padding": ".75rem .875rem",
                  "radius": ".5rem",
                  "shadow": "0 .25rem .25rem 0 rgba(0, 0, 0, .15)",
                  "size": "16px",
                },
                "transition": Object {
                  "time": ".3s ease",
                },
              },
            },
            "displayName": "styled.div",
            "foldedComponentIds": Array [],
            "render": [Function],
            "styledComponentId": "sc-bdVaJa",
            "target": "div",
            "toString": [Function],
            "warnTooManyClasses": [Function],
            "withComponent": [Function],
          }
        }
        forwardedRef={null}
        full={false}
        height=""
        margin="0 auto"
        maxHeight=""
        maxWidth=""
        minHeight=""
        minWidth=""
        noRadius={false}
        padding="0"
        theme={
          Object {
            "animation": [Function],
            "color": Object {
              "black": "#222222",
              "darkBlue": "#002C5F",
              "darkGray": "#515151",
              "error": "#dd3333",
              "gray": "#a9abae",
              "lightGray": "#e5e5e5",
              "overlay": "rgba(0, 0, 0, .15)",
              "primary": "#00528F",
              "secondary": "#00245f",
              "success": "#33bb33",
              "warn": "#dd3333",
              "white": "#fefefe",
            },
            "font": Object {
              "color": "#222222",
              "family": "\\"Ubuntu\\", sans-serif",
              "size": "16px",
              "spacing": 0,
            },
            "shape": Object {
              "border": ".1rem solid rgba(0, 0, 0, .15)",
              "float": "0 .5rem .5rem .125rem rgba(0, 0, 0, .15)",
              "margin": ".25rem .125rem",
              "maxWidth": "1280px",
              "padding": ".75rem .875rem",
              "radius": ".5rem",
              "shadow": "0 .25rem .25rem 0 rgba(0, 0, 0, .15)",
              "size": "16px",
            },
            "transition": Object {
              "time": ".3s ease",
            },
          }
        }
        width="100%"
      >
        <div
          className="sc-bdVaJa eROMLd"
          height=""
          width="100%"
        >
          <MenuButton
            onClick={[Function]}
            open={false}
          >
            <styled.button
              onClick={[Function]}
              open={false}
              theme={
                Object {
                  "animation": [Function],
                  "color": Object {
                    "black": "#222222",
                    "darkBlue": "#002C5F",
                    "darkGray": "#515151",
                    "error": "#dd3333",
                    "gray": "#a9abae",
                    "lightGray": "#e5e5e5",
                    "overlay": "rgba(0, 0, 0, .15)",
                    "primary": "#00528F",
                    "secondary": "#00245f",
                    "success": "#33bb33",
                    "warn": "#dd3333",
                    "white": "#fefefe",
                  },
                  "font": Object {
                    "color": "#222222",
                    "family": "\\"Ubuntu\\", sans-serif",
                    "size": "16px",
                    "spacing": 0,
                  },
                  "shape": Object {
                    "border": ".1rem solid rgba(0, 0, 0, .15)",
                    "float": "0 .5rem .5rem .125rem rgba(0, 0, 0, .15)",
                    "margin": ".25rem .125rem",
                    "maxWidth": "1280px",
                    "padding": ".75rem .875rem",
                    "radius": ".5rem",
                    "shadow": "0 .25rem .25rem 0 rgba(0, 0, 0, .15)",
                    "size": "16px",
                  },
                  "transition": Object {
                    "time": ".3s ease",
                  },
                }
              }
            >
              <StyledComponent
                forwardedComponent={
                  Object {
                    "$$typeof": Symbol(react.forward_ref),
                    "attrs": Array [],
                    "componentStyle": ComponentStyle {
                      "componentId": "sc-bwzfXH",
                      "isStatic": false,
                      "lastClassName": "dYDGuf",
                      "rules": Array [
                        "
all: unset;
position: relative;
cursor: pointer;
height: 1.3rem;
width: 2rem;
padding: 0;
> p {
  all: unset;
  transition: ",
                        [Function],
                        ";
  border: ",
                        [Function],
                        ";
  border-color: ",
                        [Function],
                        ";
  transform-origin: center;
  border-radius: .125rem;
  display: inline-block;
  position: absolute;
  width: 100%;
  content: '';
  &:nth-child(1) {
    transform: rotate(",
                        [Function],
                        ");
    top: calc(",
                        [Function],
                        " - .125rem);
  }
  &:nth-child(2) {
    transform: scaleX(",
                        [Function],
                        ");
    top: calc(50% - .1rem);
  }
  &:nth-child(3) {
    transform: rotate(",
                        [Function],
                        ");
    bottom: calc(",
                        [Function],
                        " - .125rem);
  }
}
",
                      ],
                    },
                    "defaultProps": Object {
                      "theme": Object {
                        "animation": [Function],
                        "color": Object {
                          "black": "#222222",
                          "darkBlue": "#002C5F",
                          "darkGray": "#515151",
                          "error": "#dd3333",
                          "gray": "#a9abae",
                          "lightGray": "#e5e5e5",
                          "overlay": "rgba(0, 0, 0, .15)",
                          "primary": "#00528F",
                          "secondary": "#00245f",
                          "success": "#33bb33",
                          "warn": "#dd3333",
                          "white": "#fefefe",
                        },
                        "font": Object {
                          "color": "#222222",
                          "family": "\\"Ubuntu\\", sans-serif",
                          "size": "16px",
                          "spacing": 0,
                        },
                        "shape": Object {
                          "border": ".1rem solid rgba(0, 0, 0, .15)",
                          "float": "0 .5rem .5rem .125rem rgba(0, 0, 0, .15)",
                          "margin": ".25rem .125rem",
                          "maxWidth": "1280px",
                          "padding": ".75rem .875rem",
                          "radius": ".5rem",
                          "shadow": "0 .25rem .25rem 0 rgba(0, 0, 0, .15)",
                          "size": "16px",
                        },
                        "transition": Object {
                          "time": ".3s ease",
                        },
                      },
                    },
                    "displayName": "styled.button",
                    "foldedComponentIds": Array [],
                    "render": [Function],
                    "styledComponentId": "sc-bwzfXH",
                    "target": "button",
                    "toString": [Function],
                    "warnTooManyClasses": [Function],
                    "withComponent": [Function],
                  }
                }
                forwardedRef={null}
                onClick={[Function]}
                open={false}
                theme={
                  Object {
                    "animation": [Function],
                    "color": Object {
                      "black": "#222222",
                      "darkBlue": "#002C5F",
                      "darkGray": "#515151",
                      "error": "#dd3333",
                      "gray": "#a9abae",
                      "lightGray": "#e5e5e5",
                      "overlay": "rgba(0, 0, 0, .15)",
                      "primary": "#00528F",
                      "secondary": "#00245f",
                      "success": "#33bb33",
                      "warn": "#dd3333",
                      "white": "#fefefe",
                    },
                    "font": Object {
                      "color": "#222222",
                      "family": "\\"Ubuntu\\", sans-serif",
                      "size": "16px",
                      "spacing": 0,
                    },
                    "shape": Object {
                      "border": ".1rem solid rgba(0, 0, 0, .15)",
                      "float": "0 .5rem .5rem .125rem rgba(0, 0, 0, .15)",
                      "margin": ".25rem .125rem",
                      "maxWidth": "1280px",
                      "padding": ".75rem .875rem",
                      "radius": ".5rem",
                      "shadow": "0 .25rem .25rem 0 rgba(0, 0, 0, .15)",
                      "size": "16px",
                    },
                    "transition": Object {
                      "time": ".3s ease",
                    },
                  }
                }
              >
                <button
                  className="sc-bwzfXH dYDGuf"
                  onClick={[Function]}
                  open={false}
                >
                  <p />
                  <p />
                  <p />
                </button>
              </StyledComponent>
            </styled.button>
          </MenuButton>
          <styled.nav
            theme={
              Object {
                "animation": [Function],
                "color": Object {
                  "black": "#222222",
                  "darkBlue": "#002C5F",
                  "darkGray": "#515151",
                  "error": "#dd3333",
                  "gray": "#a9abae",
                  "lightGray": "#e5e5e5",
                  "overlay": "rgba(0, 0, 0, .15)",
                  "primary": "#00528F",
                  "secondary": "#00245f",
                  "success": "#33bb33",
                  "warn": "#dd3333",
                  "white": "#fefefe",
                },
                "font": Object {
                  "color": "#222222",
                  "family": "\\"Ubuntu\\", sans-serif",
                  "size": "16px",
                  "spacing": 0,
                },
                "shape": Object {
                  "border": ".1rem solid rgba(0, 0, 0, .15)",
                  "float": "0 .5rem .5rem .125rem rgba(0, 0, 0, .15)",
                  "margin": ".25rem .125rem",
                  "maxWidth": "1280px",
                  "padding": ".75rem .875rem",
                  "radius": ".5rem",
                  "shadow": "0 .25rem .25rem 0 rgba(0, 0, 0, .15)",
                  "size": "16px",
                },
                "transition": Object {
                  "time": ".3s ease",
                },
              }
            }
          >
            <StyledComponent
              forwardedComponent={
                Object {
                  "$$typeof": Symbol(react.forward_ref),
                  "attrs": Array [],
                  "componentStyle": ComponentStyle {
                    "componentId": "sc-EHOje",
                    "isStatic": false,
                    "lastClassName": "iWLmfo",
                    "rules": Array [
                      "
all: unset;
pointer-events: ",
                      [Function],
                      ";
transition: ",
                      [Function],
                      ";
background: ",
                      [Function],
                      ";
box-shadow: ",
                      [Function],
                      ";
z-index: ",
                      [Function],
                      ";
opacity: ",
                      [Function],
                      ";
top: calc(100% + 1rem);
position: absolute;
left: 0;

",
                    ],
                  },
                  "defaultProps": Object {
                    "theme": Object {
                      "animation": [Function],
                      "color": Object {
                        "black": "#222222",
                        "darkBlue": "#002C5F",
                        "darkGray": "#515151",
                        "error": "#dd3333",
                        "gray": "#a9abae",
                        "lightGray": "#e5e5e5",
                        "overlay": "rgba(0, 0, 0, .15)",
                        "primary": "#00528F",
                        "secondary": "#00245f",
                        "success": "#33bb33",
                        "warn": "#dd3333",
                        "white": "#fefefe",
                      },
                      "font": Object {
                        "color": "#222222",
                        "family": "\\"Ubuntu\\", sans-serif",
                        "size": "16px",
                        "spacing": 0,
                      },
                      "shape": Object {
                        "border": ".1rem solid rgba(0, 0, 0, .15)",
                        "float": "0 .5rem .5rem .125rem rgba(0, 0, 0, .15)",
                        "margin": ".25rem .125rem",
                        "maxWidth": "1280px",
                        "padding": ".75rem .875rem",
                        "radius": ".5rem",
                        "shadow": "0 .25rem .25rem 0 rgba(0, 0, 0, .15)",
                        "size": "16px",
                      },
                      "transition": Object {
                        "time": ".3s ease",
                      },
                    },
                  },
                  "displayName": "styled.nav",
                  "foldedComponentIds": Array [],
                  "render": [Function],
                  "styledComponentId": "sc-EHOje",
                  "target": "nav",
                  "toString": [Function],
                  "warnTooManyClasses": [Function],
                  "withComponent": [Function],
                }
              }
              forwardedRef={null}
              theme={
                Object {
                  "animation": [Function],
                  "color": Object {
                    "black": "#222222",
                    "darkBlue": "#002C5F",
                    "darkGray": "#515151",
                    "error": "#dd3333",
                    "gray": "#a9abae",
                    "lightGray": "#e5e5e5",
                    "overlay": "rgba(0, 0, 0, .15)",
                    "primary": "#00528F",
                    "secondary": "#00245f",
                    "success": "#33bb33",
                    "warn": "#dd3333",
                    "white": "#fefefe",
                  },
                  "font": Object {
                    "color": "#222222",
                    "family": "\\"Ubuntu\\", sans-serif",
                    "size": "16px",
                    "spacing": 0,
                  },
                  "shape": Object {
                    "border": ".1rem solid rgba(0, 0, 0, .15)",
                    "float": "0 .5rem .5rem .125rem rgba(0, 0, 0, .15)",
                    "margin": ".25rem .125rem",
                    "maxWidth": "1280px",
                    "padding": ".75rem .875rem",
                    "radius": ".5rem",
                    "shadow": "0 .25rem .25rem 0 rgba(0, 0, 0, .15)",
                    "size": "16px",
                  },
                  "transition": Object {
                    "time": ".3s ease",
                  },
                }
              }
            >
              <nav
                className="sc-EHOje iWLmfo"
              >
                <Container
                  fluid={false}
                  full={false}
                  hasContent={true}
                  height=""
                  margin="0 auto"
                  maxHeight=""
                  maxWidth=""
                  minHeight=""
                  minWidth="320px"
                  noRadius={false}
                  padding="0"
                  width="100%"
                >
                  <styled.div
                    fluid={false}
                    full={false}
                    hasContent={true}
                    height=""
                    margin="0 auto"
                    maxHeight=""
                    maxWidth=""
                    minHeight=""
                    minWidth="320px"
                    noRadius={false}
                    padding="0"
                    theme={
                      Object {
                        "animation": [Function],
                        "color": Object {
                          "black": "#222222",
                          "darkBlue": "#002C5F",
                          "darkGray": "#515151",
                          "error": "#dd3333",
                          "gray": "#a9abae",
                          "lightGray": "#e5e5e5",
                          "overlay": "rgba(0, 0, 0, .15)",
                          "primary": "#00528F",
                          "secondary": "#00245f",
                          "success": "#33bb33",
                          "warn": "#dd3333",
                          "white": "#fefefe",
                        },
                        "font": Object {
                          "color": "#222222",
                          "family": "\\"Ubuntu\\", sans-serif",
                          "size": "16px",
                          "spacing": 0,
                        },
                        "shape": Object {
                          "border": ".1rem solid rgba(0, 0, 0, .15)",
                          "float": "0 .5rem .5rem .125rem rgba(0, 0, 0, .15)",
                          "margin": ".25rem .125rem",
                          "maxWidth": "1280px",
                          "padding": ".75rem .875rem",
                          "radius": ".5rem",
                          "shadow": "0 .25rem .25rem 0 rgba(0, 0, 0, .15)",
                          "size": "16px",
                        },
                        "transition": Object {
                          "time": ".3s ease",
                        },
                      }
                    }
                    width="100%"
                  >
                    <StyledComponent
                      fluid={false}
                      forwardedComponent={
                        Object {
                          "$$typeof": Symbol(react.forward_ref),
                          "attrs": Array [],
                          "componentStyle": ComponentStyle {
                            "componentId": "sc-bdVaJa",
                            "isStatic": false,
                            "lastClassName": "cYfaOa",
                            "rules": Array [
                              "
padding: ",
                              [Function],
                              ";
border-radius: ",
                              [Function],
                              ";
border: ",
                              [Function],
                              ";
min-height: ",
                              [Function],
                              ";
display: ",
                              [Function],
                              ";
background: ",
                              [Function],
                              ";
overflow: ",
                              [Function],
                              ";
max-height: ",
                              [Function],
                              ";
max-width: ",
                              [Function],
                              ";
min-width: ",
                              [Function],
                              ";
height: ",
                              [Function],
                              ";
margin: ",
                              [Function],
                              ";
width: ",
                              [Function],
                              ";
flex-direction: column;
box-sizing: border-box;
align-items: stretch;
position: relative;
",
                            ],
                          },
                          "defaultProps": Object {
                            "theme": Object {
                              "animation": [Function],
                              "color": Object {
                                "black": "#222222",
                                "darkBlue": "#002C5F",
                                "darkGray": "#515151",
                                "error": "#dd3333",
                                "gray": "#a9abae",
                                "lightGray": "#e5e5e5",
                                "overlay": "rgba(0, 0, 0, .15)",
                                "primary": "#00528F",
                                "secondary": "#00245f",
                                "success": "#33bb33",
                                "warn": "#dd3333",
                                "white": "#fefefe",
                              },
                              "font": Object {
                                "color": "#222222",
                                "family": "\\"Ubuntu\\", sans-serif",
                                "size": "16px",
                                "spacing": 0,
                              },
                              "shape": Object {
                                "border": ".1rem solid rgba(0, 0, 0, .15)",
                                "float": "0 .5rem .5rem .125rem rgba(0, 0, 0, .15)",
                                "margin": ".25rem .125rem",
                                "maxWidth": "1280px",
                                "padding": ".75rem .875rem",
                                "radius": ".5rem",
                                "shadow": "0 .25rem .25rem 0 rgba(0, 0, 0, .15)",
                                "size": "16px",
                              },
                              "transition": Object {
                                "time": ".3s ease",
                              },
                            },
                          },
                          "displayName": "styled.div",
                          "foldedComponentIds": Array [],
                          "render": [Function],
                          "styledComponentId": "sc-bdVaJa",
                          "target": "div",
                          "toString": [Function],
                          "warnTooManyClasses": [Function],
                          "withComponent": [Function],
                        }
                      }
                      forwardedRef={null}
                      full={false}
                      hasContent={true}
                      height=""
                      margin="0 auto"
                      maxHeight=""
                      maxWidth=""
                      minHeight=""
                      minWidth="320px"
                      noRadius={false}
                      padding="0"
                      theme={
                        Object {
                          "animation": [Function],
                          "color": Object {
                            "black": "#222222",
                            "darkBlue": "#002C5F",
                            "darkGray": "#515151",
                            "error": "#dd3333",
                            "gray": "#a9abae",
                            "lightGray": "#e5e5e5",
                            "overlay": "rgba(0, 0, 0, .15)",
                            "primary": "#00528F",
                            "secondary": "#00245f",
                            "success": "#33bb33",
                            "warn": "#dd3333",
                            "white": "#fefefe",
                          },
                          "font": Object {
                            "color": "#222222",
                            "family": "\\"Ubuntu\\", sans-serif",
                            "size": "16px",
                            "spacing": 0,
                          },
                          "shape": Object {
                            "border": ".1rem solid rgba(0, 0, 0, .15)",
                            "float": "0 .5rem .5rem .125rem rgba(0, 0, 0, .15)",
                            "margin": ".25rem .125rem",
                            "maxWidth": "1280px",
                            "padding": ".75rem .875rem",
                            "radius": ".5rem",
                            "shadow": "0 .25rem .25rem 0 rgba(0, 0, 0, .15)",
                            "size": "16px",
                          },
                          "transition": Object {
                            "time": ".3s ease",
                          },
                        }
                      }
                      width="100%"
                    >
                      <div
                        className="sc-bdVaJa cYfaOa"
                        height=""
                        width="100%"
                      >
                        <Styled(Link)
                          href="/"
                          key="menu-link-Home}-0"
                        >
                          <StyledComponent
                            forwardedComponent={
                              Object {
                                "$$typeof": Symbol(react.forward_ref),
                                "attrs": Array [],
                                "componentStyle": ComponentStyle {
                                  "componentId": "sc-ifAKCX",
                                  "isStatic": true,
                                  "lastClassName": "gimtVg",
                                  "rules": Array [
                                    "
width: 100%;
padding: .5rem 0;
text-align: left;
text-decoration: none;
color: #000;
&:hover {
  background-color: white;
  width: 100%;
}
",
                                  ],
                                },
                                "displayName": "Styled(Link)",
                                "foldedComponentIds": Array [],
                                "render": [Function],
                                "styledComponentId": "sc-ifAKCX",
                                "target": [Function],
                                "toString": [Function],
                                "warnTooManyClasses": [Function],
                                "withComponent": [Function],
                                Symbol(Symbol.hasInstance): [Function],
                              }
                            }
                            forwardedRef={null}
                            href="/"
                          >
                            <Link
                              className="sc-ifAKCX gimtVg"
                              disabled={false}
                              href="/"
                              noLine={false}
                              onClick={null}
                              strong={false}
                            >
                              <styled.a
                                className="sc-ifAKCX gimtVg"
                                disabled={false}
                                href="/"
                                noLine={false}
                                strong={false}
                                theme={
                                  Object {
                                    "animation": [Function],
                                    "color": Object {
                                      "black": "#222222",
                                      "darkBlue": "#002C5F",
                                      "darkGray": "#515151",
                                      "error": "#dd3333",
                                      "gray": "#a9abae",
                                      "lightGray": "#e5e5e5",
                                      "overlay": "rgba(0, 0, 0, .15)",
                                      "primary": "#00528F",
                                      "secondary": "#00245f",
                                      "success": "#33bb33",
                                      "warn": "#dd3333",
                                      "white": "#fefefe",
                                    },
                                    "font": Object {
                                      "color": "#222222",
                                      "family": "\\"Ubuntu\\", sans-serif",
                                      "size": "16px",
                                      "spacing": 0,
                                    },
                                    "shape": Object {
                                      "border": ".1rem solid rgba(0, 0, 0, .15)",
                                      "float": "0 .5rem .5rem .125rem rgba(0, 0, 0, .15)",
                                      "margin": ".25rem .125rem",
                                      "maxWidth": "1280px",
                                      "padding": ".75rem .875rem",
                                      "radius": ".5rem",
                                      "shadow": "0 .25rem .25rem 0 rgba(0, 0, 0, .15)",
                                      "size": "16px",
                                    },
                                    "transition": Object {
                                      "time": ".3s ease",
                                    },
                                  }
                                }
                              >
                                <StyledComponent
                                  className="sc-ifAKCX gimtVg"
                                  disabled={false}
                                  forwardedComponent={
                                    Object {
                                      "$$typeof": Symbol(react.forward_ref),
                                      "attrs": Array [],
                                      "componentStyle": ComponentStyle {
                                        "componentId": "sc-htpNat",
                                        "isStatic": false,
                                        "lastClassName": "flsArS",
                                        "rules": Array [
                                          "
",
                                          [Function],
                                          "
",
                                        ],
                                      },
                                      "defaultProps": Object {
                                        "theme": Object {
                                          "animation": [Function],
                                          "color": Object {
                                            "black": "#222222",
                                            "darkBlue": "#002C5F",
                                            "darkGray": "#515151",
                                            "error": "#dd3333",
                                            "gray": "#a9abae",
                                            "lightGray": "#e5e5e5",
                                            "overlay": "rgba(0, 0, 0, .15)",
                                            "primary": "#00528F",
                                            "secondary": "#00245f",
                                            "success": "#33bb33",
                                            "warn": "#dd3333",
                                            "white": "#fefefe",
                                          },
                                          "font": Object {
                                            "color": "#222222",
                                            "family": "\\"Ubuntu\\", sans-serif",
                                            "size": "16px",
                                            "spacing": 0,
                                          },
                                          "shape": Object {
                                            "border": ".1rem solid rgba(0, 0, 0, .15)",
                                            "float": "0 .5rem .5rem .125rem rgba(0, 0, 0, .15)",
                                            "margin": ".25rem .125rem",
                                            "maxWidth": "1280px",
                                            "padding": ".75rem .875rem",
                                            "radius": ".5rem",
                                            "shadow": "0 .25rem .25rem 0 rgba(0, 0, 0, .15)",
                                            "size": "16px",
                                          },
                                          "transition": Object {
                                            "time": ".3s ease",
                                          },
                                        },
                                      },
                                      "displayName": "styled.a",
                                      "foldedComponentIds": Array [],
                                      "render": [Function],
                                      "styledComponentId": "sc-htpNat",
                                      "target": "a",
                                      "toString": [Function],
                                      "warnTooManyClasses": [Function],
                                      "withComponent": [Function],
                                    }
                                  }
                                  forwardedRef={null}
                                  href="/"
                                  noLine={false}
                                  strong={false}
                                  theme={
                                    Object {
                                      "animation": [Function],
                                      "color": Object {
                                        "black": "#222222",
                                        "darkBlue": "#002C5F",
                                        "darkGray": "#515151",
                                        "error": "#dd3333",
                                        "gray": "#a9abae",
                                        "lightGray": "#e5e5e5",
                                        "overlay": "rgba(0, 0, 0, .15)",
                                        "primary": "#00528F",
                                        "secondary": "#00245f",
                                        "success": "#33bb33",
                                        "warn": "#dd3333",
                                        "white": "#fefefe",
                                      },
                                      "font": Object {
                                        "color": "#222222",
                                        "family": "\\"Ubuntu\\", sans-serif",
                                        "size": "16px",
                                        "spacing": 0,
                                      },
                                      "shape": Object {
                                        "border": ".1rem solid rgba(0, 0, 0, .15)",
                                        "float": "0 .5rem .5rem .125rem rgba(0, 0, 0, .15)",
                                        "margin": ".25rem .125rem",
                                        "maxWidth": "1280px",
                                        "padding": ".75rem .875rem",
                                        "radius": ".5rem",
                                        "shadow": "0 .25rem .25rem 0 rgba(0, 0, 0, .15)",
                                        "size": "16px",
                                      },
                                      "transition": Object {
                                        "time": ".3s ease",
                                      },
                                    }
                                  }
                                >
                                  <a
                                    className="sc-ifAKCX gimtVg sc-htpNat flsArS"
                                    disabled={false}
                                    href="/"
                                  >
                                    Home
                                  </a>
                                </StyledComponent>
                              </styled.a>
                            </Link>
                          </StyledComponent>
                        </Styled(Link)>
                      </div>
                    </StyledComponent>
                  </styled.div>
                </Container>
              </nav>
            </StyledComponent>
          </styled.nav>
        </div>
      </StyledComponent>
    </styled.div>
  </Container>
</Menu>
`;
