// Jest Snapshot v1, https://goo.gl/fbAQLP

exports[`should render a col 1`] = `
<Col
  align="flex-start"
  grow={1}
  justify="flex-start"
  theme={
    Object {
      "color": Object {
        "black": "#484848",
        "error": "#dd3333",
        "gray": "#f0f0f0",
        "overlay": "rgba(0, 0, 0, .15)",
        "primary": "#0082c8",
        "secondary": "#00baf2",
        "success": "#33bb33",
        "warn": "#dd3333",
        "white": "#fefefe",
      },
      "shape": Object {
        "border": ".125rem solid rgba(0, 0, 0, .15)",
        "margin": ".25rem .125rem",
        "padding": ".875rem 1rem",
        "radius": ".25rem",
        "shadow": "0 .25rem .25rem 0 rgba(0, 0, 0, .15)",
        "size": "1rem",
      },
      "text": Object {
        "color": "#484848",
        "size": "1rem",
      },
      "transition": Object {
        "time": ".3s ease",
      },
    }
  }
>
  <Styled(Row)
    align="flex-start"
    grow={1}
    justify="flex-start"
    theme={
      Object {
        "color": Object {
          "black": "#484848",
          "error": "#dd3333",
          "gray": "#f0f0f0",
          "overlay": "rgba(0, 0, 0, .15)",
          "primary": "#0082c8",
          "secondary": "#00baf2",
          "success": "#33bb33",
          "warn": "#dd3333",
          "white": "#fefefe",
        },
        "shape": Object {
          "border": ".125rem solid rgba(0, 0, 0, .15)",
          "margin": ".25rem .125rem",
          "padding": ".875rem 1rem",
          "radius": ".25rem",
          "shadow": "0 .25rem .25rem 0 rgba(0, 0, 0, .15)",
          "size": "1rem",
        },
        "text": Object {
          "color": "#484848",
          "size": "1rem",
        },
        "transition": Object {
          "time": ".3s ease",
        },
      }
    }
  >
    <Row
      align="flex-start"
      className="sc-htpNat cPqbHx"
      grow={1}
      justify="flex-start"
      theme={
        Object {
          "color": Object {
            "black": "#484848",
            "error": "#dd3333",
            "gray": "#f0f0f0",
            "overlay": "rgba(0, 0, 0, .15)",
            "primary": "#0082c8",
            "secondary": "#00baf2",
            "success": "#33bb33",
            "warn": "#dd3333",
            "white": "#fefefe",
          },
          "shape": Object {
            "border": ".125rem solid rgba(0, 0, 0, .15)",
            "margin": ".25rem .125rem",
            "padding": ".875rem 1rem",
            "radius": ".25rem",
            "shadow": "0 .25rem .25rem 0 rgba(0, 0, 0, .15)",
            "size": "1rem",
          },
          "text": Object {
            "color": "#484848",
            "size": "1rem",
          },
          "transition": Object {
            "time": ".3s ease",
          },
        }
      }
    >
      <Styled(Container)
        align="flex-start"
        className="sc-htpNat cPqbHx"
        grow={1}
        justify="flex-start"
        theme={
          Object {
            "color": Object {
              "black": "#484848",
              "error": "#dd3333",
              "gray": "#f0f0f0",
              "overlay": "rgba(0, 0, 0, .15)",
              "primary": "#0082c8",
              "secondary": "#00baf2",
              "success": "#33bb33",
              "warn": "#dd3333",
              "white": "#fefefe",
            },
            "shape": Object {
              "border": ".125rem solid rgba(0, 0, 0, .15)",
              "margin": ".25rem .125rem",
              "padding": ".875rem 1rem",
              "radius": ".25rem",
              "shadow": "0 .25rem .25rem 0 rgba(0, 0, 0, .15)",
              "size": "1rem",
            },
            "text": Object {
              "color": "#484848",
              "size": "1rem",
            },
            "transition": Object {
              "time": ".3s ease",
            },
          }
        }
      >
        <Container
          align="flex-start"
          className="sc-htpNat cPqbHx sc-bwzfXH kHNFvR"
          full={false}
          grow={1}
          height="auto"
          justify="flex-start"
          maxHeight="auto"
          maxWidth="auto"
          minHeight="auto"
          minWidth="auto"
          theme={
            Object {
              "color": Object {
                "black": "#484848",
                "error": "#dd3333",
                "gray": "#f0f0f0",
                "overlay": "rgba(0, 0, 0, .15)",
                "primary": "#0082c8",
                "secondary": "#00baf2",
                "success": "#33bb33",
                "warn": "#dd3333",
                "white": "#fefefe",
              },
              "shape": Object {
                "border": ".125rem solid rgba(0, 0, 0, .15)",
                "margin": ".25rem .125rem",
                "padding": ".875rem 1rem",
                "radius": ".25rem",
                "shadow": "0 .25rem .25rem 0 rgba(0, 0, 0, .15)",
                "size": "1rem",
              },
              "text": Object {
                "color": "#484848",
                "size": "1rem",
              },
              "transition": Object {
                "time": ".3s ease",
              },
            }
          }
          width="auto"
        >
          <styled.div
            align="flex-start"
            className="sc-htpNat cPqbHx sc-bwzfXH kHNFvR"
            full={false}
            grow={1}
            height="auto"
            justify="flex-start"
            maxHeight="auto"
            maxWidth="auto"
            minHeight="auto"
            minWidth="auto"
            theme={
              Object {
                "color": Object {
                  "black": "#484848",
                  "error": "#dd3333",
                  "gray": "#f0f0f0",
                  "overlay": "rgba(0, 0, 0, .15)",
                  "primary": "#0082c8",
                  "secondary": "#00baf2",
                  "success": "#33bb33",
                  "warn": "#dd3333",
                  "white": "#fefefe",
                },
                "shape": Object {
                  "border": ".125rem solid rgba(0, 0, 0, .15)",
                  "margin": ".25rem .125rem",
                  "padding": ".875rem 1rem",
                  "radius": ".25rem",
                  "shadow": "0 .25rem .25rem 0 rgba(0, 0, 0, .15)",
                  "size": "1rem",
                },
                "text": Object {
                  "color": "#484848",
                  "size": "1rem",
                },
                "transition": Object {
                  "time": ".3s ease",
                },
              }
            }
            width="auto"
          >
            <div
              className="sc-htpNat cPqbHx sc-bwzfXH kHNFvR sc-bdVaJa eGlEDl"
              height="auto"
              width="auto"
            >
              col
            </div>
          </styled.div>
        </Container>
      </Styled(Container)>
    </Row>
  </Styled(Row)>
</Col>
`;
