// Jest Snapshot v1, https://goo.gl/fbAQLP

exports[`should render a row 1`] = `
<Row
  align="stretch"
  grow={1}
  justify="stretch"
  margin="0"
>
  <Styled(Container)
    align="stretch"
    grow={1}
    justify="stretch"
    margin="0"
    theme={
      Object {
        "animation": Object {
          "bounce": "
  @keyframes bounce {
    from {
      bottom: 0;
    }
    25% {bottom: .5rem;}
    to {
      bottom: 0
    }
  }
  animation: bounce .3s ease
",
          "fadeIn": "
  @keyframes fadeIn {
    from {
      opacity: 0;
    }
    
    to {
      opacity: 1;
    }
  }
  animation: fadeIn .3s ease
",
          "fadeOut": "
  @keyframes fadeOut {
    from {
      opacity: 1;
    }
    
    to {
      opacity: 0;
    }
  }
  animation: fadeOut .3s ease
",
          "popIn": "
  @keyframes popIn {
    from {
      transform: scale(0);
    }
    
    to {
      transform: scale(1);
    }
  }
  animation: popIn .3s ease
",
          "popOut": "
  @keyframes popOut {
    from {
      transform: scale(1);
    }
    
    to {
      transform: scale(0);
    }
  }
  animation: popOut .3s ease
",
        },
        "color": Object {
          "black": "#222222",
          "darkGray": "#515151",
          "error": "#dd3333",
          "gray": "#a9abae",
          "lightGray": "#e5e5e5",
          "overlay": "rgba(0, 0, 0, .15)",
          "primary": "#0081c8",
          "secondary": "#00245f",
          "success": "#33bb33",
          "warn": "#dd3333",
          "white": "#fefefe",
        },
        "font": Object {
          "color": "#222222",
          "family": "\\"Ubuntu\\", sans-serif",
          "size": "16px",
          "spacing": 0,
        },
        "shape": Object {
          "border": ".125rem solid rgba(0, 0, 0, .15)",
          "float": "0 .5rem .5rem .125rem rgba(0, 0, 0, .15)",
          "margin": ".25rem .125rem",
          "maxWidth": "1280px",
          "padding": ".75rem .875rem",
          "radius": ".5rem",
          "shadow": "0 .25rem .25rem 0 rgba(0, 0, 0, .15)",
          "size": "16px",
        },
        "transition": Object {
          "time": ".3s ease",
        },
      }
    }
  >
    <StyledComponent
      align="stretch"
      forwardedClass={
        Object {
          "$$typeof": Symbol(react.forward_ref),
          "attrs": Array [],
          "componentStyle": ComponentStyle {
            "componentId": "sc-bwzfXH",
            "isStatic": false,
            "lastClassName": "erKSyR",
            "rules": Array [
              "
justify-content: ",
              [Function],
              ";
align-items: ",
              [Function],
              ";
margin: ",
              [Function],
              ";
flex-grow: ",
              [Function],
              ";
flex-direction: row;
max-width: unset;
flex-shrink: 1;
display: flex;
",
            ],
          },
          "defaultProps": Object {
            "theme": Object {
              "animation": Object {
                "bounce": "
  @keyframes bounce {
    from {
      bottom: 0;
    }
    25% {bottom: .5rem;}
    to {
      bottom: 0
    }
  }
  animation: bounce .3s ease
",
                "fadeIn": "
  @keyframes fadeIn {
    from {
      opacity: 0;
    }
    
    to {
      opacity: 1;
    }
  }
  animation: fadeIn .3s ease
",
                "fadeOut": "
  @keyframes fadeOut {
    from {
      opacity: 1;
    }
    
    to {
      opacity: 0;
    }
  }
  animation: fadeOut .3s ease
",
                "popIn": "
  @keyframes popIn {
    from {
      transform: scale(0);
    }
    
    to {
      transform: scale(1);
    }
  }
  animation: popIn .3s ease
",
                "popOut": "
  @keyframes popOut {
    from {
      transform: scale(1);
    }
    
    to {
      transform: scale(0);
    }
  }
  animation: popOut .3s ease
",
              },
              "color": Object {
                "black": "#222222",
                "darkGray": "#515151",
                "error": "#dd3333",
                "gray": "#a9abae",
                "lightGray": "#e5e5e5",
                "overlay": "rgba(0, 0, 0, .15)",
                "primary": "#0081c8",
                "secondary": "#00245f",
                "success": "#33bb33",
                "warn": "#dd3333",
                "white": "#fefefe",
              },
              "font": Object {
                "color": "#222222",
                "family": "\\"Ubuntu\\", sans-serif",
                "size": "16px",
                "spacing": 0,
              },
              "shape": Object {
                "border": ".125rem solid rgba(0, 0, 0, .15)",
                "float": "0 .5rem .5rem .125rem rgba(0, 0, 0, .15)",
                "margin": ".25rem .125rem",
                "maxWidth": "1280px",
                "padding": ".75rem .875rem",
                "radius": ".5rem",
                "shadow": "0 .25rem .25rem 0 rgba(0, 0, 0, .15)",
                "size": "16px",
              },
              "transition": Object {
                "time": ".3s ease",
              },
            },
          },
          "displayName": "Styled(Container)",
          "render": [Function],
          "styledComponentId": "sc-bwzfXH",
          "target": [Function],
          "toString": [Function],
          "warnTooManyClasses": [Function],
          "withComponent": [Function],
          Symbol(Symbol.hasInstance): [Function],
        }
      }
      forwardedRef={null}
      grow={1}
      justify="stretch"
      margin="0"
      theme={
        Object {
          "animation": Object {
            "bounce": "
  @keyframes bounce {
    from {
      bottom: 0;
    }
    25% {bottom: .5rem;}
    to {
      bottom: 0
    }
  }
  animation: bounce .3s ease
",
            "fadeIn": "
  @keyframes fadeIn {
    from {
      opacity: 0;
    }
    
    to {
      opacity: 1;
    }
  }
  animation: fadeIn .3s ease
",
            "fadeOut": "
  @keyframes fadeOut {
    from {
      opacity: 1;
    }
    
    to {
      opacity: 0;
    }
  }
  animation: fadeOut .3s ease
",
            "popIn": "
  @keyframes popIn {
    from {
      transform: scale(0);
    }
    
    to {
      transform: scale(1);
    }
  }
  animation: popIn .3s ease
",
            "popOut": "
  @keyframes popOut {
    from {
      transform: scale(1);
    }
    
    to {
      transform: scale(0);
    }
  }
  animation: popOut .3s ease
",
          },
          "color": Object {
            "black": "#222222",
            "darkGray": "#515151",
            "error": "#dd3333",
            "gray": "#a9abae",
            "lightGray": "#e5e5e5",
            "overlay": "rgba(0, 0, 0, .15)",
            "primary": "#0081c8",
            "secondary": "#00245f",
            "success": "#33bb33",
            "warn": "#dd3333",
            "white": "#fefefe",
          },
          "font": Object {
            "color": "#222222",
            "family": "\\"Ubuntu\\", sans-serif",
            "size": "16px",
            "spacing": 0,
          },
          "shape": Object {
            "border": ".125rem solid rgba(0, 0, 0, .15)",
            "float": "0 .5rem .5rem .125rem rgba(0, 0, 0, .15)",
            "margin": ".25rem .125rem",
            "maxWidth": "1280px",
            "padding": ".75rem .875rem",
            "radius": ".5rem",
            "shadow": "0 .25rem .25rem 0 rgba(0, 0, 0, .15)",
            "size": "16px",
          },
          "transition": Object {
            "time": ".3s ease",
          },
        }
      }
    >
      <Container
        align="stretch"
        className="sc-bwzfXH erKSyR"
        fluid={false}
        full={false}
        grow={1}
        height="auto"
        justify="stretch"
        margin="0"
        maxHeight="auto"
        minHeight="auto"
        minWidth="auto"
        noRadius={false}
        padding="0"
        theme={
          Object {
            "animation": Object {
              "bounce": "
  @keyframes bounce {
    from {
      bottom: 0;
    }
    25% {bottom: .5rem;}
    to {
      bottom: 0
    }
  }
  animation: bounce .3s ease
",
              "fadeIn": "
  @keyframes fadeIn {
    from {
      opacity: 0;
    }
    
    to {
      opacity: 1;
    }
  }
  animation: fadeIn .3s ease
",
              "fadeOut": "
  @keyframes fadeOut {
    from {
      opacity: 1;
    }
    
    to {
      opacity: 0;
    }
  }
  animation: fadeOut .3s ease
",
              "popIn": "
  @keyframes popIn {
    from {
      transform: scale(0);
    }
    
    to {
      transform: scale(1);
    }
  }
  animation: popIn .3s ease
",
              "popOut": "
  @keyframes popOut {
    from {
      transform: scale(1);
    }
    
    to {
      transform: scale(0);
    }
  }
  animation: popOut .3s ease
",
            },
            "color": Object {
              "black": "#222222",
              "darkGray": "#515151",
              "error": "#dd3333",
              "gray": "#a9abae",
              "lightGray": "#e5e5e5",
              "overlay": "rgba(0, 0, 0, .15)",
              "primary": "#0081c8",
              "secondary": "#00245f",
              "success": "#33bb33",
              "warn": "#dd3333",
              "white": "#fefefe",
            },
            "font": Object {
              "color": "#222222",
              "family": "\\"Ubuntu\\", sans-serif",
              "size": "16px",
              "spacing": 0,
            },
            "shape": Object {
              "border": ".125rem solid rgba(0, 0, 0, .15)",
              "float": "0 .5rem .5rem .125rem rgba(0, 0, 0, .15)",
              "margin": ".25rem .125rem",
              "maxWidth": "1280px",
              "padding": ".75rem .875rem",
              "radius": ".5rem",
              "shadow": "0 .25rem .25rem 0 rgba(0, 0, 0, .15)",
              "size": "16px",
            },
            "transition": Object {
              "time": ".3s ease",
            },
          }
        }
      >
        <styled.div
          align="stretch"
          className="sc-bwzfXH erKSyR"
          fluid={false}
          full={false}
          grow={1}
          height="auto"
          justify="stretch"
          margin="0"
          maxHeight="auto"
          minHeight="auto"
          minWidth="auto"
          noRadius={false}
          padding="0"
          theme={
            Object {
              "animation": Object {
                "bounce": "
  @keyframes bounce {
    from {
      bottom: 0;
    }
    25% {bottom: .5rem;}
    to {
      bottom: 0
    }
  }
  animation: bounce .3s ease
",
                "fadeIn": "
  @keyframes fadeIn {
    from {
      opacity: 0;
    }
    
    to {
      opacity: 1;
    }
  }
  animation: fadeIn .3s ease
",
                "fadeOut": "
  @keyframes fadeOut {
    from {
      opacity: 1;
    }
    
    to {
      opacity: 0;
    }
  }
  animation: fadeOut .3s ease
",
                "popIn": "
  @keyframes popIn {
    from {
      transform: scale(0);
    }
    
    to {
      transform: scale(1);
    }
  }
  animation: popIn .3s ease
",
                "popOut": "
  @keyframes popOut {
    from {
      transform: scale(1);
    }
    
    to {
      transform: scale(0);
    }
  }
  animation: popOut .3s ease
",
              },
              "color": Object {
                "black": "#222222",
                "darkGray": "#515151",
                "error": "#dd3333",
                "gray": "#a9abae",
                "lightGray": "#e5e5e5",
                "overlay": "rgba(0, 0, 0, .15)",
                "primary": "#0081c8",
                "secondary": "#00245f",
                "success": "#33bb33",
                "warn": "#dd3333",
                "white": "#fefefe",
              },
              "font": Object {
                "color": "#222222",
                "family": "\\"Ubuntu\\", sans-serif",
                "size": "16px",
                "spacing": 0,
              },
              "shape": Object {
                "border": ".125rem solid rgba(0, 0, 0, .15)",
                "float": "0 .5rem .5rem .125rem rgba(0, 0, 0, .15)",
                "margin": ".25rem .125rem",
                "maxWidth": "1280px",
                "padding": ".75rem .875rem",
                "radius": ".5rem",
                "shadow": "0 .25rem .25rem 0 rgba(0, 0, 0, .15)",
                "size": "16px",
              },
              "transition": Object {
                "time": ".3s ease",
              },
            }
          }
        >
          <StyledComponent
            align="stretch"
            className="sc-bwzfXH erKSyR"
            fluid={false}
            forwardedClass={
              Object {
                "$$typeof": Symbol(react.forward_ref),
                "attrs": Array [],
                "componentStyle": ComponentStyle {
                  "componentId": "sc-bdVaJa",
                  "isStatic": false,
                  "lastClassName": "eozBeU",
                  "rules": Array [
                    "
padding: ",
                    [Function],
                    ";
flex-basis: ",
                    [Function],
                    ";
border-radius: ",
                    [Function],
                    ";
max-width: ",
                    [Function],
                    ";
border: ",
                    [Function],
                    ";
display: ",
                    [Function],
                    ";
height: ",
                    [Function],
                    ";
width: ",
                    [Function],
                    ";
background: ",
                    [Function],
                    ";
min-height: ",
                    [Function],
                    ";
max-height: ",
                    [Function],
                    ";
min-width: ",
                    [Function],
                    ";
margin: ",
                    [Function],
                    ";
flex-direction: column;
align-items: stretch;
",
                  ],
                },
                "defaultProps": Object {
                  "theme": Object {
                    "animation": Object {
                      "bounce": "
  @keyframes bounce {
    from {
      bottom: 0;
    }
    25% {bottom: .5rem;}
    to {
      bottom: 0
    }
  }
  animation: bounce .3s ease
",
                      "fadeIn": "
  @keyframes fadeIn {
    from {
      opacity: 0;
    }
    
    to {
      opacity: 1;
    }
  }
  animation: fadeIn .3s ease
",
                      "fadeOut": "
  @keyframes fadeOut {
    from {
      opacity: 1;
    }
    
    to {
      opacity: 0;
    }
  }
  animation: fadeOut .3s ease
",
                      "popIn": "
  @keyframes popIn {
    from {
      transform: scale(0);
    }
    
    to {
      transform: scale(1);
    }
  }
  animation: popIn .3s ease
",
                      "popOut": "
  @keyframes popOut {
    from {
      transform: scale(1);
    }
    
    to {
      transform: scale(0);
    }
  }
  animation: popOut .3s ease
",
                    },
                    "color": Object {
                      "black": "#222222",
                      "darkGray": "#515151",
                      "error": "#dd3333",
                      "gray": "#a9abae",
                      "lightGray": "#e5e5e5",
                      "overlay": "rgba(0, 0, 0, .15)",
                      "primary": "#0081c8",
                      "secondary": "#00245f",
                      "success": "#33bb33",
                      "warn": "#dd3333",
                      "white": "#fefefe",
                    },
                    "font": Object {
                      "color": "#222222",
                      "family": "\\"Ubuntu\\", sans-serif",
                      "size": "16px",
                      "spacing": 0,
                    },
                    "shape": Object {
                      "border": ".125rem solid rgba(0, 0, 0, .15)",
                      "float": "0 .5rem .5rem .125rem rgba(0, 0, 0, .15)",
                      "margin": ".25rem .125rem",
                      "maxWidth": "1280px",
                      "padding": ".75rem .875rem",
                      "radius": ".5rem",
                      "shadow": "0 .25rem .25rem 0 rgba(0, 0, 0, .15)",
                      "size": "16px",
                    },
                    "transition": Object {
                      "time": ".3s ease",
                    },
                  },
                },
                "displayName": "styled.div",
                "render": [Function],
                "styledComponentId": "sc-bdVaJa",
                "target": "div",
                "toString": [Function],
                "warnTooManyClasses": [Function],
                "withComponent": [Function],
              }
            }
            forwardedRef={null}
            full={false}
            grow={1}
            height="auto"
            justify="stretch"
            margin="0"
            maxHeight="auto"
            minHeight="auto"
            minWidth="auto"
            noRadius={false}
            padding="0"
            theme={
              Object {
                "animation": Object {
                  "bounce": "
  @keyframes bounce {
    from {
      bottom: 0;
    }
    25% {bottom: .5rem;}
    to {
      bottom: 0
    }
  }
  animation: bounce .3s ease
",
                  "fadeIn": "
  @keyframes fadeIn {
    from {
      opacity: 0;
    }
    
    to {
      opacity: 1;
    }
  }
  animation: fadeIn .3s ease
",
                  "fadeOut": "
  @keyframes fadeOut {
    from {
      opacity: 1;
    }
    
    to {
      opacity: 0;
    }
  }
  animation: fadeOut .3s ease
",
                  "popIn": "
  @keyframes popIn {
    from {
      transform: scale(0);
    }
    
    to {
      transform: scale(1);
    }
  }
  animation: popIn .3s ease
",
                  "popOut": "
  @keyframes popOut {
    from {
      transform: scale(1);
    }
    
    to {
      transform: scale(0);
    }
  }
  animation: popOut .3s ease
",
                },
                "color": Object {
                  "black": "#222222",
                  "darkGray": "#515151",
                  "error": "#dd3333",
                  "gray": "#a9abae",
                  "lightGray": "#e5e5e5",
                  "overlay": "rgba(0, 0, 0, .15)",
                  "primary": "#0081c8",
                  "secondary": "#00245f",
                  "success": "#33bb33",
                  "warn": "#dd3333",
                  "white": "#fefefe",
                },
                "font": Object {
                  "color": "#222222",
                  "family": "\\"Ubuntu\\", sans-serif",
                  "size": "16px",
                  "spacing": 0,
                },
                "shape": Object {
                  "border": ".125rem solid rgba(0, 0, 0, .15)",
                  "float": "0 .5rem .5rem .125rem rgba(0, 0, 0, .15)",
                  "margin": ".25rem .125rem",
                  "maxWidth": "1280px",
                  "padding": ".75rem .875rem",
                  "radius": ".5rem",
                  "shadow": "0 .25rem .25rem 0 rgba(0, 0, 0, .15)",
                  "size": "16px",
                },
                "transition": Object {
                  "time": ".3s ease",
                },
              }
            }
          >
            <div
              className="sc-bwzfXH erKSyR sc-bdVaJa eozBeU"
              height="auto"
            >
              row
            </div>
          </StyledComponent>
        </styled.div>
      </Container>
    </StyledComponent>
  </Styled(Container)>
</Row>
`;
